=== PHASE 1 start: 750 candidats bruts ===
KEEP   1 389425653 FONDERIE ET PLASTURGIE SA (FPSA) (BELLIGNAT, tranche 12)
KEEP   2 341917813 AXIL PLASTURGIE (CIVRIEUX-D'AZERGUES, tranche 12)
KEEP   3 493246011 GRAF PLASTURGIE (DACHSTEIN, tranche 12)
KEEP   4 411580368 T.E.P. TECHNIQUE ET PLASTURGIE (BOUTTENCOURT, tranche 12)
KEEP   5 398899468 APPLICATION DEVELOPPEMENT PLASTURGIE 85 (ADP  (LES EPESSES, tranche 11)
KEEP   6 402055974 PLASTURGIE HAUTE PERFORMANCE PHP (PHP) (SALLES D'ANGLES, tranche 12)
KEEP   7 921425583 ANJOS INJECTION PLASTIQUE (A.I.P.) (TORCIEU, tranche 11)
KEEP   8 321472011 SOCIETE NATIONALE D'EXTRUSION ET D'INJECTION  (MONTREUIL, tranche 12)
KEEP   9 323298349 APPLICATION DE TECHNIQUES D'ELECTRO-EROSION M (AMBOISE, tranche 12)
KEEP  10 328025804 PLASTIQUE-INDUSTRIES (BRIGNAIS, tranche 12)
KEEP  11 315635987 ARTOIS PLASTIQUES (HOUDAIN, tranche 11)
KEEP  12 344471743 CENTRE PLASTIQUE SA (BRIARE, tranche 11)
KEEP  13 505134106 PLASTIQUES FACONNES DU BETHUNOIS (P.F.B) (VERQUIN, tranche 11)
--- progress: 25 interroges, 13 retenus ---
KEEP  14 390649903 PLASTIQUES INJECTES DU MARMANDAIS (IMEPSA MAR (CAUMONT-SUR-GARONNE, tranche 12)
KEEP  15 323813956 SA MOUSSES PLASTIQUES D'ARTOIS (FREVENT, tranche 12)
KEEP  16 318760030 LOZERIENNE PLASTIQUE SARL (MEYRUEIS, tranche 11)
KEEP  17 323505065 MECANIQUE PRECISION ISSOIRIENNE (MPI) (SAINT-REMY-DE-CHARGN, tranche 12)
KEEP  18 327745519 PRECISION MECANIQUE DU LOROUER (PML) (SAINT-VINCENT-DU-LOR, tranche 12)
KEEP  19 437977036 OMP OUTILLAGE MECANIQUE PRECISION (OMP) (SAINT-NICOLAS-D'ALIE, tranche 11)
KEEP  20 790272256 SOCIETE OUTILLAGE MECANIQUE DE PRECISION (SOM (ERNEE, tranche 12)
KEEP  21 379681778 SOCIETE MECANIQUE DE PRECISION (FLERS, tranche 12)
KEEP  22 322305335 MECANIQUE DE PRECISION DU BARROIS (MPB) (LIGNY-EN-BARROIS, tranche 12)
KEEP  23 319179891 MECANIQUE USINAGE DE PRECISION (MUP) (CORBIERES-EN-PROVENC, tranche 12)
KEEP  24 409296662 MAINTENANCE MECANIQUE DE PRECISION (SAINT-AVE, tranche 11)
KEEP  25 394159958 PRECISION MECANIQUE TECHNIQUE (PREMETEC) (SAVERDUN, tranche 11)
KEEP  26 414977298 MECANIQUE DE GRANDE PRECISION (VORAY SUR L'OGNON, tranche 11)
KEEP  27 305393407 MECANIQUE DE PRECISION DE L'EST (MPE) (MASEVAUX-NIEDERBRUCK, tranche 12)
KEEP  28 377887559 PRECISION INDUSTRIELLE MECANIQUE (LA BRESSE, tranche 11)
KEEP  29 348781303 FORAGE MECANIQUE DE PRECISION (FMP) (SAINT-OUEN-L'AUMONE, tranche 11)
KEEP  30 338809460 SEGRE MECANIQUE PRECISION (SMP) (SEGRE-EN-ANJOU BLEU, tranche 12)
--- progress: 50 interroges, 30 retenus ---
KEEP  31 328710835 ATELIERS MECANIQUES DE PRECISION (AMP) (EGUILLES, tranche 11)
KEEP  32 438124315 MECANIQUE DE PRECISION SCALA (MOUSSY-LE-NEUF, tranche 11)
KEEP  33 805278173 BOURGOGNE PRECISION MECANIQUE (BPM) (LONGVIC, tranche 11)
KEEP  34 796580108 ROCH MECANIQUE DE PRECISION (REIGNIER-ESERY, tranche 12)
KEEP  35 440730372 DELTA USINAGE (MURS-ERIGNE, tranche 12)
KEEP  36 384489134 M.P. USINAGE (MOIRANS-EN-MONTAGNE, tranche 11)
KEEP  37 431980929 BRIZARD USINAGE (BRIZARD USINAGE) (VOIRON, tranche 12)
KEEP  38 409730074 BREIZH USINAGE SERVICES (PLEYBEN, tranche 12)
KEEP  39 800540205 USINAGE CHAUDRONNERIE SUR SITE (UCSS) (MILLY-LA-FORET, tranche 11)
KEEP  40 325650232 SOCIETE D'USINAGE DES METAUX (SUM) (SAINT-NICOLAS-D'ALIE, tranche 12)
KEEP  41 382598647 BA USINAGE (CLUSES, tranche 11)
KEEP  42 300155256 EBERHARD USINAGE (HATTMATT, tranche 12)
KEEP  43 407503184 RAVON USINAGE (SAINT-CHRISTOPHE-DU-, tranche 11)
KEEP  44 408629343 SA EUROP USINAGE (RAISMES, tranche 12)
KEEP  45 399828722 USINAGE ALSACE (OBERHASLACH, tranche 11)
KEEP  46 420425589 ELCAM USINAGE (ELCAM USINAGE) (POLIGNY, tranche 12)
KEEP  47 333833085 URMA USINAGE (URMA) (SENTHEIM, tranche 11)
KEEP  48 331969063 USINAGE DIEPPOIS (ROUXMESNIL-BOUTEILLE, tranche 12)
KEEP  49 339851560 BC USINAGES (BCU) (MOLSHEIM, tranche 11)
KEEP  50 328884929 SAUVAITRE USINAGE (SAINT-LEGER-SOUS-CHO, tranche 11)
KEEP  51 410492326 ATELIER DE FRAISAGE ET MECANIQUE (AFM) (ATHIS-VAL DE ROUVRE, tranche 12)
--- progress: 75 interroges, 51 retenus ---
KEEP  52 339728255 T.F.L. TOURNAGE FRAISAGE LORRAIN (HAGONDANGE, tranche 11)
KEEP  53 350324885 SOC DE DECOLLETAGE ET MECANIQUE (SDM) (MARIGNIER, tranche 11)
KEEP  54 411152267 OUEST DECOLLETAGE (CHEMILLE-EN-ANJOU, tranche 12)
KEEP  55 438574782 RM DECOLLETAGE (MAGLAND, tranche 11)
KEEP  56 528447865 GUILLERME DECOLLETAGE (DECOLLETAGE BOYER) (ANNONAY, tranche 11)
KEEP  57 572133072 LE DECOLLETAGE JURASSIEN (CHAMPAGNOLE, tranche 12)
KEEP  58 605720622 RAVINET DECOLLETAGE (SALLANCHES, tranche 11)
KEEP  59 605820729 DECOLLETAGE ELBE (MARNAZ, tranche 11)
KEEP  60 606920353 EDELWEISS DECOLLETAGE (MAGLAND, tranche 11)
KEEP  61 551920796 DECOLLETAGE DE REU (ACHIET-LE-GRAND, tranche 12)
KEEP  62 310774518 GAY DECOLLETAGE (SAINT-PIERRE-EN-FAUC, tranche 12)
KEEP  63 389669417 ORNE DECOLLETAGE (FLERS, tranche 11)
KEEP  64 070201041 ANJOU DECOLLETAGE (MAUGES-SUR-LOIRE, tranche 12)
KEEP  65 300863370 DECOLLETAGE MOREL (CHAMPAGNOLE, tranche 12)
KEEP  66 442311387 DRAULT DECOLLETAGE (AYSE, tranche 11)
KEEP  67 419168448 GILLET DECOLLETAGE (DANNEMARIE-SUR-CRETE, tranche 11)
KEEP  68 348992488 DECOLLETAGE DU BERRY (SAINT-FLORENT-SUR-CH, tranche 11)
KEEP  69 331014993 DEFI - HOUILLIERES DE CRUEJOULS (CHATTE, tranche 12)
--- progress: 100 interroges, 69 retenus ---
KEEP  70 311666077 OUTILLAGE MECANIQUE DECOUPAGE (OMEDEC) (AMANCEY, tranche 12)
KEEP  71 402481667 ATHISIENNE MECANIQUE MOULE ET OUTILLAGE (ATHIS-VAL DE ROUVRE, tranche 12)
KEEP  72 423779776 REMO OUTILLAGE (CARRIERES-SUR-SEINE, tranche 11)
KEEP  73 338896426 OUTILLAGE PROGRESS (NAZELLES-NEGRON, tranche 12)
KEEP  74 419808985 NORMANDIE DECOUPAGE EMBOUTISSAGE (NDE) (CRULAI, tranche 12)
KEEP  75 976720284 DECOUPAGE ET EMBOUTISSAGE DU BOURBONNAIS (SDE (CUSSET, tranche 12)
KEEP  76 892541889 JELZA EMBOUTISSAGE (JELZA EMBOUTISSAGE) (SAINT-FLORENT-SUR-CH, tranche 12)
KEEP  77 418321824 D.E.M.C. DECOUPE, EMBOUTISSAGE, MONTAGE, CONC (AYTRE, tranche 11)
KEEP  78 484871272 SMG DECOUPAGE - EMBOUTISSAGE (SAINT-PAUL, tranche 11)
KEEP  79 345088371 TALBOT DECOUPAGE EMBOUTISSAGE (TDE) (MER, tranche 12)
KEEP  80 492142351 SUD OUEST EMBOUTISSAGE (USSAC, tranche 12)
KEEP  81 400567160 SOCIETE NORMANDE DE DECOUPAGE - EMBOUTISSAGE (LONDINIERES, tranche 12)
KEEP  82 351174081 SOCIETE AZERGUOISE DE REPOUSSAGE ET D EMBOUTI (GRANDRIS, tranche 11)
KEEP  83 316842012 UMA-DECOUPAGE EMBOUTISSAGE TOLERIE (NEUILLY-SAINT-FRONT, tranche 12)
--- progress: 125 interroges, 83 retenus ---
KEEP  84 401884382 SOCIETE D' APPLICATIONS MECANIQUES ET DE DECO (COLLEGIEN, tranche 12)
KEEP  85 443830898 OACA METALLERIE (AGNOS, tranche 11)
KEEP  86 501007652 BATISUD-METALLERIE (SEPTEMES-LES-VALLONS, tranche 11)
KEEP  87 813390432 GATSBY SOUDURE (GATSBY SOUDURE) (BOBIGNY, tranche 11)
KEEP  88 841196504 ES SOUDURE (ES SOUDURE) (METZ, tranche 11)
KEEP  89 538676727 SOUDURE TUYAUTERIE BRESTOISE (STB) (BREST, tranche 12)
KEEP  90 788636215 SOUDURE TUYAUTERIE MAINTENANCE (STM) (REDON, tranche 11)
KEEP  91 392675237 BRIVET MECANO SOUDURE (PONTCHATEAU, tranche 11)
KEEP  92 450396296 ATLANTIQUE TOLERIE SOUDURE (NANTES, tranche 12)
KEEP  93 332265263 MECANO SOUDURE DE L ARON (MSA) (SAINT-IGNY-DE-ROCHE, tranche 11)
KEEP  94 432851095 MAINTENANCE ET SOUDURE INDUSTRIELLE (MSI) (THAON-LES-VOSGES, tranche 12)
KEEP  95 792758377 TOLERIE REMOND (CREPAND, tranche 11)
--- progress: 150 interroges, 95 retenus ---
KEEP  96 381820927 PETITE TOLERIE DE PRECISION (PTP) (DOMONT, tranche 11)
KEEP  97 315189597 TOLERIE INDUSTRIELLE DU FRESNE (TIF) (INGRANDES-LE-FRESNE-, tranche 12)
KEEP  98 392316782 CARROSSERIE TOLERIE INDUSTRIELLE GROMY (MELESSE, tranche 12)
KEEP  99 326446952 CTA (CHAUDRONNERIE TOLERIE DE L'ARGONNE) (VARENNES-EN-ARGONNE, tranche 12)
KEEP 100 423613066 MAINE TOLERIE (CHATEAU-GONTIER-SUR-, tranche 12)
KEEP 101 414117945 TOLERIE SERVICE (TS) (HOUDEMONT, tranche 11)
KEEP 102 434269411 CAMEGA-TOLERIE (SEICHES-SUR-LE-LOIR, tranche 12)
KEEP 103 377732219 LA TOLERIE ARMORICAINE (TREILLIERES, tranche 12)
KEEP 104 525620332 SMG TOLERIE (SMG) (SAINT-PAUL, tranche 12)
KEEP 105 441283918 TOLERIE DU NORD (T.D.N.) (ARMENTIERES, tranche 12)
KEEP 106 513961367 AG TOLERIE (SAINT-MARTIN-LA-PLAI, tranche 12)
KEEP 107 554502476 C.N TOLERIE (SAINT-MARTIN-LA-PLAI, tranche 11)
KEEP 108 881652002 TOLERIE DES PYRENEES (TARASCON-SUR-ARIEGE, tranche 11)
KEEP 109 318697257 MECANIQUE GENERALE CAMBLINOISE (CAMBLAIN-CHATELAIN, tranche 12)
KEEP 110 352688428 DECOUPAGE MECANIQUE GENERALE (DMG) (RANCHOT, tranche 11)
KEEP 111 328801014 DURANCE MECANIQUE GENERALE (DMG) (MEYRARGUES, tranche 11)
KEEP 112 715580262 MECANIQUE AGRICOLE GENERALE (MAG) (SOISSONS, tranche 12)
KEEP 113 490818754 FONTENEAU MECANIQUE GENERALE (MAULEVRIER, tranche 11)
KEEP 114 627280266 GENERALE DE MECANIQUE APPLIQUEE (POLIGNY, tranche 12)
--- progress: 175 interroges, 114 retenus ---
KEEP 115 353247232 ATELIERS CONSTRUCTION MECANIQUE GENERALE (ACM (PAGNY-SUR-MEUSE, tranche 12)
KEEP 116 714501947 MECANIQUE GENERALE MODERNE MECAGEMO (SAINT-ETIENNE, tranche 11)
KEEP 117 958504532 SOCIETE ERDE MECANIQUE GENERALE (PONT-REMY, tranche 11)
KEEP 118 403540586 APPLICATION GENERALE MECANIQUE ELECTRIQU (AGM (DOMONT, tranche 12)
KEEP 119 318908738 SOCIETE MECANIQUE GENERALE INDUSTRIELLE (MGI) (BAYEUX, tranche 11)
KEEP 120 330294745 SOCIETE DE MECANIQUE GENERALE ET D'OUTILLAGE  (VARANGES, tranche 12)
KEEP 121 708200175 MECANIQUE GENERALE GRIVILLERS CHARTIER (M.G.G (ENNERY, tranche 11)
KEEP 122 383999794 MECANIQUE GENERALE LANGROISE (SAINTS-GEOSMES, tranche 12)
KEEP 123 301866919 SOCIETE DE MECANIQUE GENERALE (SOMG) (MEREAU, tranche 11)
KEEP 124 957502164 FONDERIE VINCENT (BRIGNAIS, tranche 12)
KEEP 125 344354584 FONDERIES DE LARIANS (VECQUEVILLE, tranche 12)
KEEP 126 346980188 FONDERIES DE NANGIS (NANGIS, tranche 12)
KEEP 127 405223843 LORY FONDERIES (BRIERES-LES-SCELLES, tranche 12)
KEEP 128 399796861 BAXTER INJECTION (VINAY, tranche 12)
KEEP 129 514372515 IPV INJECTION (NEUVE-EGLISE, tranche 12)
KEEP 130 878798552 ANJOU INJECTION (SOMLOIRE, tranche 11)
KEEP 131 388781544 INJECTION 74 (INJECTION 74) (ALEX, tranche 12)
--- progress: 200 interroges, 131 retenus ---
KEEP 132 424575348 CREUTZWALD INJECTION (CREUTZWALD, tranche 12)
KEEP 133 805408226 USINAGE DE GOMBERVILLE (MAGNY-LES-HAMEAUX, tranche 11)
KEEP 134 845403906 NSN USINAGE (NSN USINAGE) (HEYRIEUX, tranche 11)
KEEP 135 501642912 BEAUCOURT USINAGE (DOUVRIN, tranche 11)
KEEP 136 832700785 STL USINAGE (SAINT-HEAND, tranche 11)
KEEP 137 524754462 AMCM USINAGE (SASSEVILLE, tranche 11)
KEEP 138 702025362 SOC USINAGE MODERNE PRECISION (UMP) (THOIRY, tranche 11)
KEEP 139 381315985 SOCIETE TOULOUSAINE D'ETUDE ET D'USINAGE (STD (PINSAGUEL, tranche 11)
KEEP 140 805029881 ISERE MOLD USINAGE (I.M.U.) (SAINT-JEAN-DE-SOUDAI, tranche 11)
KEEP 141 393694575 USINAGE TECHNIQUE PRECISION (UTP) (SEYSSINET-PARISET, tranche 11)
KEEP 142 444866339 BLOX USINAGE PLASTIQUES (VILLEURBANNE, tranche 11)
KEEP 143 415254960 SERVICE USINAGE METALLISATION (VILLIERS-EN-LIEU, tranche 11)
KEEP 144 518247580 TLM USINAGE ATLANTIQUE (SAINT-PERE-EN-RETZ, tranche 11)
KEEP 145 333657724 APPLICATION D'USINAGE TECHNIQUE (TINTENIAC, tranche 11)
KEEP 146 348989864 LIMOGES USINAGE MECANIQUE (LUM) (BOISSEUIL, tranche 11)
KEEP 147 447765587 USINAGE DU BEL AIR (CHAMESSON, tranche 11)
KEEP 148 313789943 SOC USINAGE MECANIQUE DE PRECISION (SUMECA) (FLIXECOURT, tranche 11)
KEEP 149 325527422 ATELIERS LANGROIS USINAGE CHAUDRONNERIE (ALUC (LANGRES, tranche 11)
KEEP 150 303679948 SOCIETE NORMANDE D'USINAGE DE BOIS (SNUB) (MAY-SUR-ORNE, tranche 11)
KEEP 151 383788841 SOC ANGEVINE USINAGE DE MOULES (SAUM) (LONGUE-JUMELLES, tranche 11)
KEEP 152 313956211 SOC USINAGE ET MECANIQUE GENERALE (SUMEG) (CHANTONNAY, tranche 11)
KEEP 153 538661414 SOCIETE USINAGE HAUTE TECHNOLOGIE (SUHT) (EVREUX, tranche 11)
--- progress: 225 interroges, 153 retenus ---
KEEP 154 388354474 AUTOMATION USINAGE REALISAT.ETUDE APPLIC (AUR (ETALANS, tranche 11)
KEEP 155 432320034 CONCEPT MECANIQUE USINAGE PRECISION - CMUP (C (CHAUMONT, tranche 11)
KEEP 156 343852745 USINAGE-CONDITIONNEMENT RIZ A LA REUNION (UCR (LE PORT, tranche 11)
KEEP 157 452006604 USINAGE CONCEPTION MECANO SOUDEE ASSERV (UCMA (ORANGE, tranche 11)
KEEP 158 492651757 SOCIETE D'USINAGE DROMOISE DE PRECISION - SUD (CHABEUIL, tranche 11)
KEEP 159 448462002 CTU2M - CONCEPTION ET TRAVAUX D'USINAGE, MAIN (SAINT-MARCEL-LES-ANN, tranche 11)
KEEP 160 752808089 SARL U.C.M.A.(USINAGE - CONSTRUCTION MECANIQU (NOUZONVILLE, tranche 11)
KEEP 161 445404833 ETS QUILICHINI (LAVAL, tranche 11)
KEEP 162 352829378 AMGL (LAIZ, tranche 11)
KEEP 163 431340454 F G D (SAINT-CERE, tranche 11)
KEEP 164 480519503 TRAULET (TRAULET USINAGES) (PARIS, tranche 11)
KEEP 165 440020451 TFA (LOCQUELTAS, tranche 11)
KEEP 166 444944771 EDRASTOP COMPOSITE (LE CHAMBON-FEUGEROLL, tranche 11)
KEEP 167 563780261 C E M A (CEMA-UFI-MGDM) (MONTMERLE-SUR-SAONE, tranche 11)
KEEP 168 448175034 BROCELIANDE MECANIQUE DE PRECISION (BROCELIAN (GUER, tranche 11)
KEEP 169 452493901 EST USINAGE (ŒTING, tranche 12)
KEEP 170 504494105 CENTRALU USINAGE (GANNAT, tranche 12)
KEEP 171 400323770 USINAGE FORMAGE PLASTIQUES (UFP) (LE VERSOUD, tranche 12)
KEEP 172 449336312 USINAGE DE COMPOSANTS HORLOGERS (UCH) (VILLARD-SAINT-SAUVEU, tranche 12)
KEEP 173 440602027 PROFILAGE USINAGE MARANDAIS (MARANS, tranche 12)
KEEP 174 339330482 USINAGE NUMERIQUE DE LA MAYENNE (GROUPE SAMYN (ERNEE, tranche 12)
KEEP 175 478500275 USINAGE DE COMPIEGNE SAS (VENETTE, tranche 12)
--- progress: 250 interroges, 175 retenus ---
KEEP 176 403101728 AUTOMATISATION MACHINES USINAGE (ACTEMIUM ANJ (SEGRE-EN-ANJOU BLEU, tranche 12)
KEEP 177 351468277 APPLICATIONS USINAGE DES PLASTIQUES POUR L'IN (VILLERS-COTTERETS, tranche 12)
KEEP 178 351560149 SOCIETE USINAGE DESIGN PRODUCTION (SAINT-MARD, tranche 12)
KEEP 179 314703463 SOCIETE D'USINAGE MODERNE CARBURE ACIER (SUMC (AMBRIERES-LES-VALLEE, tranche 12)
KEEP 180 419763099 A.F.U.M.E. ATELIER DE FABRICATION ET D'USINAG (JARGEAU, tranche 12)
KEEP 181 510180193 ATELIER MECANIQUE THOUARSAIS D'ELECTROEROSION (THOUARS, tranche 12)
KEEP 182 821943008 RGI FRANCE (SAINT-CERE, tranche 12)
KEEP 183 382424356 PERNAT TECHNOLOGIES (SCIONZIER, tranche 12)
KEEP 184 442968889 CONCEPT BOIS COTE D'OPALE (PREURES, tranche 12)
KEEP 185 647150267 DECOLLETAGE GENET (DECOLLETAGE GENET) (HAUTS DE BIENNE, tranche 11)
KEEP 186 341999738 DECOLLETAGE SUR METAUX ETS MARIO (VIELS-MAISONS, tranche 11)
KEEP 187 605620434 DEPERY FRERES DECOLLETAGE (DEP) (SCIONZIER, tranche 11)
KEEP 188 606720670 CARME MARCEL DECOLLETAGE (MARNAZ, tranche 11)
KEEP 189 616880027 SOCIETE DE DECOLLETAGE MOREAU (SAINT-BLIMONT, tranche 11)
KEEP 190 338890064 ABRIAL DECOLLETAGE MECANIQUE INDUSTRIEL (SAINT-MAURICE-DE-LIG, tranche 11)
KEEP 191 476650106 SAMDECO (SOCIETE D' APPLICATION MECANIQUEET D (HONFLEUR, tranche 11)
KEEP 192 613680206 ATELIER DE MECANIQUE CONSTRUCT ASSEMBL (AMCA) (SAINT-PIERRE-DE-BŒUF, tranche 11)
KEEP 193 703780262 SEGEPO DECOLLETAGE (SAINT-LAGER, tranche 12)
KEEP 194 732821236 DECOLLETAGE DE LA GARENNE (ORNANS, tranche 12)
KEEP 195 353153364 DECOLLETAGE DU BAS JURA (DBJ) (VAL SURAN, tranche 12)
KEEP 196 484684477 GAY DECOLLETAGE INDUSTRIES (SAINT-CYR, tranche 12)
KEEP 197 309123701 DECOLLETAGE DE BASSE NORMANDIE (DBN) (BAYEUX, tranche 12)
KEEP 198 422289835 ATELIER DE DECOLLETAGE DE BIGORRE (ADB) (LOUEY, tranche 12)
KEEP 199 582005799 LA MAISON DU DECOLLETAGE ET DU PIVOTAGE (MDP) (LA FERTE MACE, tranche 12)
KEEP 200 853761039 ATELIER MECANIQUE DECOLLETAGE SANDERON (AMD S (COURPIERE, tranche 12)
--- progress: 275 interroges, 200 retenus ---
KEEP 201 389998857 SAVOIE LOIRE DECOLLETAGE MECANIQUE (LA TALAUDIERE, tranche 12)
KEEP 202 419039888 ATELIER DECOLLETAGE MECANIQUE ISERE (ADEMIS) (GRENOBLE, tranche 12)
KEEP 203 312424153 MONT BLANC PRODUCTIONS GROUPE DECOLLETAGE MEC (SALLANCHES, tranche 12)
KEEP 204 382376945 DECOLLETAGE DE LA CASCADE THEVENET MICHEL ET  (MAGLAND, tranche 12)
KEEP 205 314924721 DECO PREM (MARNAZ, tranche 12)
KEEP 206 537381485 SIS INDUSTRIE (SIS DECOLLETAGE) (SALLANCHES, tranche 12)
KEEP 207 350130779 ICM INDUSTRIE LYON (ICM INDUSTRIE LYON) (DNPI (CHASSIEU, tranche 12)
KEEP 208 586350191 MASSARD ET CIE (GOUJONS, GOUJON, TIRANTS, TIR (BAS-EN-BASSET, tranche 12)
KEEP 209 413488784 ALVEOLAIRE (ALVEOLAIRE) (BAZEILLES, tranche 11)
KEEP 210 392445532 ARDENCA SA (MOUZON, tranche 11)
KEEP 211 392445466 ARDEN PLAST SAS (MOUZON, tranche 12)
KEEP 212 384825014 CGS PLASTIQUE (LORIOL-SUR-DROME, tranche 12)
KEEP 213 419436829 VAL DE LOIR INJECTION (MONTOIRE-SUR-LE-LOIR, tranche 11)
KEEP 214 897548194 INJECTION MONTAGE RHONE ALPES (INJECTION MONT (LES NEYROLLES, tranche 11)
KEEP 215 412052235 AMDI - APPLICATIONS MECANIQUES ET DEVELOPPEME (BELLEVILLE-EN-BEAUJO, tranche 11)
KEEP 216 413439506 INJECTION ZAMAK TRAITEMENT (IZT) (SAINT-AMAND-MONTROND, tranche 12)
KEEP 217 491281648 SOCIETE D INJECTION DES LANDES (SILANDES) (MORCENX-LA-NOUVELLE, tranche 12)
KEEP 218 792603797 PRECIS PLASTIC INJECTION (ORLEAT, tranche 12)
KEEP 219 335094280 STE INDUTR DE MICRO INJECTION (SIMI) (DAMPIERRE-LES-BOIS, tranche 12)
KEEP 220 325069821 MOULAGE INDUSTRIEL DE PERSEIGNE (MIP INJECTIO (VILLENEUVE-EN-PERSEI, tranche 12)
KEEP 221 339849952 HYDRAULIQUE 2000 (MOISSY-CRAMAYEL, tranche 12)
KEEP 222 883661217 FONDERIE CAST'AL (VAUX, tranche 11)
KEEP 223 508017548 FONDERIE D'ANJOU (ERDRE-EN-ANJOU, tranche 11)
--- progress: 300 interroges, 223 retenus ---
KEEP 224 652039090 FONDERIE ROGER (EGREVILLE, tranche 11)
KEEP 225 388357386 FONDERIE ROCHE (VEZERONCE-CURTIN, tranche 11)
KEEP 226 348838194 FONDERIE CHAPON (BOBIGNY, tranche 11)
KEEP 227 315383117 SA FONDERIE HADOUX (REIMS, tranche 11)
KEEP 228 424635001 FONDERIES GRAVOUIL (LA BRETONNIERE-LA-CL, tranche 11)
KEEP 229 915279467 INPACTE FONDERIE (AB FONDERIE) (SAINT-GENIS-LAVAL, tranche 11)
KEEP 230 325620094 PACCARD FONDERIE (PACCARD CLOCHES ET CARILLON (SEVRIER, tranche 11)
KEEP 231 808087910 ABILLY FONDERIE (ABILLY, tranche 11)
KEEP 232 808354641 FONDERIE DE MALE (VAL-AU-PERCHE, tranche 11)
KEEP 233 399401348 PROVENCE FONDERIE (PROVENCE FONDERIE) (AUBAGNE, tranche 11)
KEEP 234 331595249 FONDERIES HAMEL (HAYBES, tranche 11)
KEEP 235 335174165 FONDERIE ORTEL (MONTLHERY, tranche 11)
KEEP 236 329642151 SA LA FONDERIE CHAROLLAISE (GENELARD, tranche 11)
KEEP 237 457202349 FONDERIE PENA (MERIGNAC, tranche 11)
KEEP 238 440245488 FONDERIE DOUTRE (FONCHIMA) (LE LION D'ANGERS, tranche 11)
KEEP 239 539021956 FONDERIE DE L'OUANNE (SAINT-GERMAIN-DES-PR, tranche 11)
KEEP 240 339119075 FONDERIE SYLVAIN COMPAGNON (FSC) (CHAUMONTEL, tranche 11)
KEEP 241 961502044 FONDERIE TABOURIN ET BEZILE (VENISSIEUX, tranche 11)
KEEP 242 836450551 FONDERIE D'ALUMINIUM DE FONTENAY (FONTENAY-SUR-LOING, tranche 11)
KEEP 243 879490068 FONDERIE RAPIDE BELFORTAINE (FRB) (OFFEMONT, tranche 11)
KEEP 244 519208086 FONDERIE MONTIGNY ALUMINIUM (FONDERIE MONTIGN (MONTIGNY-SUR-AUBE, tranche 11)
KEEP 245 330526245 SOCIETE DAUPHINOISE DE FONDERIE ET MECANIQUE  (SAINT-SORLIN-DE-MORE, tranche 11)
KEEP 246 519755870 FONDERIE D'ART ET DE PRECISION  F.A.P (FAP) ( (DARDILLY, tranche 11)
KEEP 247 329360424 MAILLEZ-FONDERIE (VAULX-EN-VELIN, tranche 11)
--- progress: 325 interroges, 247 retenus ---
KEEP 248 309421725 FILATURE ARPIN (SEEZ, tranche 11)
KEEP 249 303914550 INDUSTRIELLE COTON MANUFACTURE (SICM) (FLERS, tranche 11)
KEEP 250 422973297 BOUCHERIE DU CENTRE PONT MARAIS (CHERBOURG-EN-COTENTI, tranche 11)
KEEP 251 307050344 SARL SCIERIE CHARLES CUNAT (LE THILLOT, tranche 11)
KEEP 252 489637207 SAS M.G.S. (SALLES D'ANGLES, tranche 11)
KEEP 253 318621497 SPORT NEIGE COMPETITION INTERNATIONAL (CHARVONNEX, tranche 11)
KEEP 254 444839450 TRACER ATLANTIC (CARQUEFOU, tranche 11)
KEEP 255 522963776 FROID CLIMATISATION CHAUFFAGE (F.C.C.) (SOCHAUX, tranche 11)
KEEP 256 419238373 NORD BRODERIE (NEUVILLE-EN-FERRAIN, tranche 11)
KEEP 257 335074555 SOCIETE DE CHARPENTES INDUSTRIALISEES POUR LE (CHEVIGNY-SAINT-SAUVE, tranche 11)
KEEP 258 828604454 KUK COILS FRANCE (BITSCHWILLER-LES-THA, tranche 11)
KEEP 259 498720846 FONDERIE TRINQUET (VILLEURBANNE, tranche 12)
KEEP 260 421622077 FONDERIE SCHLUMBERGER (GUEBWILLER, tranche 12)
KEEP 261 485920128 FONDERIES DE VAUCOULEURS SA (VAUCOULEURS, tranche 12)
KEEP 262 561920372 FONDERIE DE LA SCARPE SA (SAINT-LAURENT-BLANGY, tranche 12)
KEEP 263 532582319 FONDERIES VIGNON (HARAUCOURT, tranche 12)
KEEP 264 789925260 FONDERIES NICOLAS (FONDERIES NICOLAS) (NOUZONVILLE, tranche 12)
KEEP 265 835780164 FONDERIES DE SOUGLAND (SAINT-MICHEL, tranche 12)
KEEP 266 308268986 FONDERIE DE GENTILLY (RIS ORANGIS, tranche 12)
KEEP 267 445344492 FONDERIE ACMS (SAINT-DIDIER-SUR-CHA, tranche 12)
KEEP 268 400618179 LAJOINIE FONDERIE (SAINT-OUEN, tranche 12)
KEEP 269 725720551 FONDERIE MATHIEU (CHAMPFORGEUIL, tranche 12)
KEEP 270 996250114 FONDERIES FRAISSE (AUBUSSON, tranche 12)
KEEP 271 316999689 STE NOUVELLE DE FONDERIE ET DECOUPAGE (SNFD) (MAUZE-SUR-LE-MIGNON, tranche 12)
--- progress: 350 interroges, 271 retenus ---
KEEP 272 392027967 FONDERIE D'ART MACHERET (MONTFORT-LE-GESNOIS, tranche 12)
KEEP 273 822228052 SN FONDERIES COLLIGNON (DEVILLE, tranche 12)
KEEP 274 383091162 HEINRICH FONDERIE SAS (MOLSHEIM, tranche 12)
KEEP 275 054501465 S A FONDERIE BOT (VOIRON, tranche 12)
KEEP 276 786320838 FONDERIE AVENIR-SIRENE (ROCROI, tranche 12)
KEEP 277 922539929 FONDERIE CAFFIER BARREAU (BLANGY-SUR-BRESLE, tranche 12)
KEEP 278 636880189 FONDERIES DU MIDI METAUX NON F (VITROLLES, tranche 12)
KEEP 279 543780332 FONDERIE P. BOISSON FILS ET COMPAGNIE (BELLEVILLE-EN-BEAUJO, tranche 12)
KEEP 280 419369434 SOCIETE NOUVELLE FONDERIES ET ATELIERS SALIN (DAMMARIE-SUR-SAULX, tranche 12)
KEEP 281 348698671 DUPONT SARL (VEIGY-FONCENEX, tranche 12)
KEEP 282 823076740 BOULANGERIE JOSSERAND (ALLEMOND, tranche 12)
KEEP 283 342416880 S.A. TAILLARDAT (PARIS, tranche 12)
KEEP 284 326036696 T O P INDUSTRIES (HESINGUE, tranche 12)
KEEP 285 483143301 ICP (LA COMTE, tranche 12)
KEEP 286 419664586 MARBRERIE FOURNITURES TECHNIQUES BATIMENT (VI (MORSANG-SUR-ORGE, tranche 12)
KEEP 287 015753320 SOCIETE DES METAUX BLANCS OUVRES (MBO) (CHEVIGNY-SAINT-SAUVE, tranche 12)
KEEP 288 379337587 PANOPACK (BART, tranche 12)
KEEP 289 517735973 FL PRINT (SAINT-CYR-EN-VAL, tranche 12)
KEEP 290 821585734 CHRYSALIS (CUSTINES, tranche 12)
KEEP 291 633620323 CHARLES LAUZIER (SAINT-GEORGES-D'ESPE, tranche 12)
KEEP 292 072502982 ELECTRIC TOLERIE (TECHNO-ALPES ENERGIE) (ECHIROLLES, tranche 11)
KEEP 293 403727910 EURO TOLERIE (CHAMBLY, tranche 11)
KEEP 294 407846260 SENS TOLERIE (SENS, tranche 11)
--- progress: 375 interroges, 294 retenus ---
KEEP 295 800863375 ALL TOLERIE (ALL TOLERIE) (TORCY, tranche 11)
KEEP 296 434326617 S.A.R.L. ATELIER DE TOLERIE, METALLERIE ET CH (JARGEAU, tranche 11)
KEEP 297 392827374 TOLERIE INDUSTRIELLE BRAULT (SEVREMOINE, tranche 11)
KEEP 298 398675470 TOLERIE MECANIQUE ESSONNE (CORBEIL-ESSONNES, tranche 11)
KEEP 299 300535556 TOLERIE ET SERRURERIE DE L'OZON (SAINT-SYMPHORIEN-D'O, tranche 11)
KEEP 300 420477531 TOLERIE FINE ICAUNAISE (AUXERRE, tranche 11)
KEEP 301 388173056 TOLERIE METALLERIE DE POINTEL (POINTEL, tranche 11)
KEEP 302 519649487 TOLERIE ET MAINTENANCE INDUSTRIELLE (TMI) (TRIGNAC, tranche 11)
KEEP 303 628202129 SOC TOLERIE GENERALE (BEAUCHAMP, tranche 11)
KEEP 304 509252763 TOLERIE INDUSTRIELLE LYONNAISE (MIONS, tranche 11)
KEEP 305 823714043 ATELIER TOLERIE VENTILATION (POMPAIRE, tranche 11)
KEEP 306 493843395 SARL INOV TOLERIE J (JOUY-SOUS-THELLE, tranche 11)
KEEP 307 325156602 TOLERIE FINE ELECTRONIQUE (TFE) (LAMBALLE-ARMOR, tranche 11)
KEEP 308 389699851 VENDEENNE DE TOLERIE ET DE MECANIQUE (VTM) (FONTENAY-LE-COMTE, tranche 11)
KEEP 309 379928906 TOLERIE FINE INDUSTRIELLE (TFI) (ABBEVILLE, tranche 11)
KEEP 310 337080063 TOLERIE INDUSTRIELLE REMOISE (TIR) (TINQUEUX, tranche 11)
KEEP 311 383328192 SOCIETE INDUSTRIELLE DE TOLERIE (SITO) (LAON, tranche 11)
KEEP 312 794319723 TOLERIE DE LA LOIRE INDUSTRIES (CARQUEFOU, tranche 11)
KEEP 313 853267516 TOLERIE FACONNAGE TAVAUX (TFT) (TAVAUX, tranche 11)
KEEP 314 501950836 SOCIETE TOLERIE INDUSTRIELLE NORMANDE (STIN) (SAINT-AUBIN-LE-CAUF, tranche 11)
KEEP 315 441815743 T.O.S. TOLERIE - OXYCOUPAGE - SERVICE (BEGROLLES-EN-MAUGES, tranche 11)
KEEP 316 302332184 MECANIQUE GENERALE TOLERIE DE PRECISION (MGP) (SAINT-BAUZILLE-DE-PU, tranche 11)
KEEP 317 409066073 TOLERIE INDUSTRIELLE ET CHAUDRONNERIE DU CENT (CLOYES-LES-TROIS-RIV, tranche 11)
KEEP 318 528848377 T.I.M TOLERIE INDUSTRIELLE DE LA MAYENNE (ERNEE, tranche 11)
KEEP 319 404384208 CITM CHAUDRON.INOX TOLERIE MAINTENANCE (CHASSIEU, tranche 11)
--- progress: 400 interroges, 319 retenus ---
KEEP 320 340418037 CONSTRUCTION MONTAGE TOLERIE VENTILATION (CMT (HAZEBROUCK, tranche 11)
KEEP 321 419317797 CHAUDRONNERIE-TOLERIE AGRICOLE INDUSTRIELLE ( (CASTELJALOUX, tranche 11)
KEEP 322 350083259 CHAUDRON TOLERIE INDUSTRIELLE MODERNE (CTIM) (BOISSEUIL, tranche 11)
KEEP 323 449719855 TOLERIE ASSEMBLAGE DES WEPPES TAW (LA BASSEE, tranche 11)
KEEP 324 415127083 ATELIER TOLERIE PEINTURE SERIGRAPHIE (A.T.P.S (LANNION, tranche 11)
KEEP 325 582120440 AT TOLERIE SERRURE MONTREUIL (ATSM) (BONDY, tranche 11)
KEEP 326 527502561 TMS - TOLERIE METALLERIE SOUDURE (TMS - TOLER (SAINT-ANDRE-DE-CORCY, tranche 11)
KEEP 327 323823880 CHAUDRONNERIE TOLERIE CARROSSERIE  INDUSTRIEL (HOLNON, tranche 11)
KEEP 328 397656299 TOLERI INDUSTRIEL BAT BINELLI-ZANGARELLI (SAINT-ANDRE-DE-LA-RO, tranche 11)
KEEP 329 380616110 SOCIETE INDUSTRIELLE EN TOLERIE ET MECANIQUE  (LAGNY-SUR-MARNE, tranche 11)
KEEP 330 438366361 TOLERIE CHAUDRONNERIE VAL LOIRE SARL (TCVL) (MEUNG-SUR-LOIRE, tranche 11)
KEEP 331 950335216 SOC APPLICATION ELECTRO MECANIQUE TOLERI (SAE (OCTEVILLE-SUR-MER, tranche 11)
KEEP 332 383404134 S.T.I.M.(SOCIETE DE TOLERIE INDUSTRIELLE DES  (MONTREVAULT-SUR-EVRE, tranche 11)
KEEP 333 517642500 MATRA- MACHINES APPLICATIONS TOLERIE RHONE AL (SAINT-ETIENNE, tranche 11)
KEEP 334 491702718 CHAUDRONNERIE TOLERIE APPLIQUEE - MECANIQUE G (GAZERAN, tranche 11)
KEEP 335 793756511 ACTIV POITOU - ATELIER DE CHAUDRONNERIE DE TO (JAUNAY-MARIGNY, tranche 11)
KEEP 336 951734136 TPA INDUSTRIES (TOLERIE PRECISION ANGEVINE-AC (MONTREUIL-JUIGNE, tranche 11)
KEEP 337 528313554 TMCS (TMCS LAPORTE NICOLAS TOLERIE METALLERIE (DOMPIERRE-SUR-MONT, tranche 11)
KEEP 338 482415775 ALSACE TOLERIE (ALSACE TOLERIE) (COLMAR, tranche 12)
KEEP 339 419605787 TOLERIE SERVICE (CHATEAU-GONTIER-SUR-, tranche 12)
KEEP 340 797644606 ACGR TOLERIE (ROSULT, tranche 12)
KEEP 341 395135395 LA TOLERIE PLASTIQUE (LTP) (OCTEVILLE-SUR-MER, tranche 12)
KEEP 342 327765822 SOCIETE DE TOLERIE POUR L'ELECTRONIQUE PROFES (ROMORANTIN-LANTHENAY, tranche 12)
--- progress: 425 interroges, 342 retenus ---
KEEP 343 379919871 TOLERIE JANNIN CARNET (TJC) (FRAGNES-LA LOYERE, tranche 12)
KEEP 344 339956633 ATELIERS DE TOLERIE FINE (ATF) (ONNAING, tranche 12)
KEEP 345 395219363 TOLERIE INDUSTRIELLE INGENIERIE (T2I) (BORDEAUX, tranche 12)
KEEP 346 404271884 TOLERIE MECANIQUE SERVICE (TMS) (STIGNY, tranche 12)
KEEP 347 791194756 SARL SIRC TOLERIE (BISCHWILLER, tranche 12)
KEEP 348 851857706 SOMME TOLERIE FINE (STF) (PERONNE, tranche 12)
KEEP 349 692026487 CHAUDRONNERIE TOLERIE DES MOULINEAUX (CTM) (IGNY, tranche 12)
KEEP 350 527880421 LANCIER TOLERIE FINE (LTF) (MOLSHEIM, tranche 12)
KEEP 351 410908941 TOLERIE ET DEVELOPPEMENT INDUSTRIEL (LIEVIN, tranche 12)
KEEP 352 422131714 TOLERIE NANTES ATLANTIQUE (SAINT-HERBLAIN, tranche 12)
KEEP 353 421164641 TOLERIE GANAYE INDUSTRIELLE (BARENTIN, tranche 12)
KEEP 354 400914081 MIMAULT TOLERIE INDUSTRIELLE (LA CHAPELLE-SAINT-LA, tranche 12)
KEEP 355 401152368 TOLERIE CONSTRUCTION INDUSTRIELLE (TCI) (REXPOEDE, tranche 12)
KEEP 356 382641181 AUTOMATISME TOLERIE ET MECANIQUE (ATM) (CARIGNAN, tranche 12)
KEEP 357 612046698 SOC TOLERIE INDUSTRIELLE VAL LOIRE (STI) (SAINT-ANDRE-DES-EAUX, tranche 12)
KEEP 358 380248591 ATELIER SOUDURE TOLERIE CHAUDRONNERIE (ASTC) (JOUY-LE-MOUTIER, tranche 12)
KEEP 359 326943255 ATELIERS DE TOLERIE ANJOU BRETAGNE (ATAB) (AVRILLE, tranche 12)
KEEP 360 308127687 SOCIETE TOLERIE INDUSTRIELLE BAINNAISE (OMNIM (BAIN-DE-BRETAGNE, tranche 12)
KEEP 361 382699452 TOLERIE INDUSTRIELLE DU SUD OUEST (TISO) (COLOMIERS, tranche 12)
KEEP 362 892388919 ETUDE ET REALISATION DE TOLERIE DE PRECISION  (JOIGNY, tranche 12)
KEEP 363 399193127 SOC TOLERIE & PEINTURE LYONNAISES (STPL) (GENAS, tranche 12)
--- progress: 450 interroges, 363 retenus ---
KEEP 364 781619358 SOC APPLIC VENTILATION TOLERIE (SAVETO) (STAPLE, tranche 12)
KEEP 365 423559640 T.P.M.S. - TOLERIE DE PRECISION - MECANO- SOU (MONTHOLON, tranche 12)
KEEP 366 341558799 ATELIER TOLERIE MECANIQUE PRECISION 77 (YEBLES, tranche 12)
KEEP 367 383388675 SOCIETE DE TOLERIE ENSEMBLE MECANO SOUDES (S. (LAMORLAYE, tranche 12)
KEEP 368 794303412 ATELIER INDUSTRIEL TOLERIE SOUDURE SATIP (AIT (VERRIERES-EN-ANJOU, tranche 12)
KEEP 369 911822682 CHAUDRONNERIE TOLERIE INDUSTRIELLE - BENNES A (BELFORET-EN-PERCHE, tranche 12)
KEEP 370 403853807 SOCIETE DE TOLERIE INDUSTRIELLE ET MECANIQUE  (ALBERT, tranche 12)
KEEP 371 316809870 SOCIETE INDUSTRIELLE DE TOLERIE POUR LE BATIM (CHOISY-LE-ROI, tranche 12)
KEEP 372 338216260 ETUDES INDUSTRIELLES TOLERIE A REALISATIONS C (SAINT-MARTIN-D'HERES, tranche 12)
=== PHASE 1 start: 750 candidats bruts ===
reprise: 450 deja interroges, 363 retenus
KEEP   1 781619358 SOC APPLIC VENTILATION TOLERIE (SAVETO) (STAPLE, tranche 12)
KEEP   2 423559640 T.P.M.S. - TOLERIE DE PRECISION - MECANO- SOU (MONTHOLON, tranche 12)
KEEP   3 341558799 ATELIER TOLERIE MECANIQUE PRECISION 77 (YEBLES, tranche 12)
KEEP   4 383388675 SOCIETE DE TOLERIE ENSEMBLE MECANO SOUDES (S. (LAMORLAYE, tranche 12)
KEEP   5 794303412 ATELIER INDUSTRIEL TOLERIE SOUDURE SATIP (AIT (VERRIERES-EN-ANJOU, tranche 12)
KEEP   6 911822682 CHAUDRONNERIE TOLERIE INDUSTRIELLE - BENNES A (BELFORET-EN-PERCHE, tranche 12)
KEEP   7 403853807 SOCIETE DE TOLERIE INDUSTRIELLE ET MECANIQUE  (ALBERT, tranche 12)
KEEP   8 316809870 SOCIETE INDUSTRIELLE DE TOLERIE POUR LE BATIM (CHOISY-LE-ROI, tranche 12)
KEEP   9 338216260 ETUDES INDUSTRIELLES TOLERIE A REALISATIONS C (SAINT-MARTIN-D'HERES, tranche 12)
KEEP  10 519592000 KUKA SYSTEMS GMBH (, tranche 12)
KEEP  11 873802045 COMOTOLERIE (COMOTOLERIE - COMO TOLERIE) (ANCENIS-SAINT-GEREON, tranche 12)
KEEP  12 534013172 SOCIETE DE FAIT RICUPERO (RICUPERO TOLERIE FI (PIREY, tranche 12)
KEEP  13 339895872 CREATE OUTILLAGE (VAULX-EN-VELIN, tranche 11)
KEEP  14 477586168 ARDENN OUTILLAGES (CHARLEVILLE-MEZIERES, tranche 11)
KEEP  15 307736520 RACODON OUTILLAGE (LA TALAUDIERE, tranche 11)
KEEP  16 393106893 TECHNI OUTILLAGES (INCHEVILLE, tranche 11)
KEEP  17 321263279 STE COURTEILLE OUTILLAGE (SAINT-JEAN-SUR-MAYEN, tranche 11)
KEEP  18 334847399 BOTEMO MOULES OUTILLAGE (SEVREMOINE, tranche 11)
KEEP  19 423296193 VIZA OUTILLAGE DE PRECISION (THIERS, tranche 11)
KEEP  20 404724841 CLEZARDIN MACHINES ET OUTILLAGES (MER, tranche 11)
KEEP  21 521791376 EATON OUTILLAGES SYSTEMES (BELIGNEUX, tranche 11)
KEEP  22 061502068 OUTILLAGE ET MECANIQUE GENERALE (OMG) (FONTANIL-CORNILLON, tranche 11)
KEEP  23 333542827 OUTILLAGE SPECIAL DE PRECISION (OSP) (YZEURE, tranche 11)
KEEP  24 301222568 MECANIQUE OUTILLAGE DECOUPAGE (MOD) (SAINT-LEGER-SOUS-CHO, tranche 11)
--- progress: 475 interroges, 387 retenus ---
KEEP  25 303375422 OUTILLAGES ET PLASTIQUES SERVICES (OPS) (SAINT-JEAN-DE-SOUDAI, tranche 11)
KEEP  26 317386258 ATELIER CHANITOIS D OUTILLAGE (ACOMEP) (CHAMPLITTE, tranche 11)
KEEP  27 401882568 LEXOVIENNE DE MECANIQUE ET OUTILLAGE (MEZIDON VALLEE D'AUG, tranche 11)
KEEP  28 399354570 MOULES ET OUTILLAGES DE L OUEST (BRISSAC LOIRE AUBANC, tranche 11)
KEEP  29 973500507 MOULES OUTILLAGES MECANIQUES (MOM) (GRIGNY, tranche 11)
KEEP  30 542038021 OUTILLAGE MECANIQUE DE PRECISION (OMP) (COMPIEGNE, tranche 11)
KEEP  31 582066569 DECOUPAGE SUR OUTILLAGE DE PRECISION (DECOUP) (VILLENAUXE-LA-GRANDE, tranche 11)
KEEP  32 542012638 MATERIEL OUTILLAGE RATIONNELS INDUSTRIE (MORI (ANGERVILLE, tranche 11)
KEEP  33 438020190 BMO BERGUY MECANIQUE OUTILLAGE (SAVIGNY-LE-TEMPLE, tranche 11)
KEEP  34 394029888 ATELIER FABRICATION OUTILLAGE PLASTIQUES (AFO (BRETEIL, tranche 11)
KEEP  35 522881978 ETUDE CONCEPTION OUTILLAGE TRAITEMENTS DE SUR (SEVRAN, tranche 11)
KEEP  36 381319755 SERVICE MACHINE OUTILLAGE TECHNIQUE 47 (SMOT  (MIRAMONT-DE-GUYENNE, tranche 11)
KEEP  37 418118139 OPAL OUTILLAGE PRESSE - AUZOU LAVOINE (OPAL) (SAINT-QUENTIN-LA-MOT, tranche 11)
KEEP  38 442548376 SOMP SOCIETE D OUTILLAGE ET DE MECANIQUE DE P (FROIDEFONTAINE, tranche 11)
KEEP  39 397780396 SOCIETE FALAISIENNE DE FABRICATION DE MOULES  (FALAISE, tranche 11)
KEEP  40 339286981 SOCIETE D'ETUDES ET CONSTRUCTIONS D'OUTILLAGE (SAINT-QUENTIN, tranche 11)
KEEP  41 479894719 OTEC OUTILLAGES ET TECHNIQUES (SAINTE-MARIE-AUX-CHE, tranche 11)
KEEP  42 494352537 LORRAINE MONTAGE MAINTENANCE INDUSTRIELLE (MA (BENAMENIL, tranche 11)
KEEP  43 320005192 BONNEFOND (LE PIAN-MEDOC, tranche 11)
KEEP  44 424637460 ERPO (ETUDE ET REALISATION DE PETITS OUTILLAG (TOULOUSE, tranche 11)
KEEP  45 347527012 GALLEZ OUTILLAGE (DOUVRIN, tranche 12)
KEEP  46 307546515 MANUFACTURE D OUTILLAGE (BERCHE, tranche 12)
KEEP  47 439678780 SIBILLE OUTILLAGE (SIBILLE OUTILLAGE) (MALATAVERNE, tranche 12)
KEEP  48 345297006 GP OUTILLAGE (SAINT-LAGER, tranche 12)
--- progress: 500 interroges, 411 retenus ---
KEEP  49 320130263 AMADA OUTILLAGE (VAL-DE-SCIE, tranche 12)
KEEP  50 349352351 SAGOP OUTILLAGES (SAINT-CLEMENT, tranche 12)
KEEP  51 379184591 SOCIETE D'OUTILLAGE POUR LA PRODUCTIQUE, LA R (INCHEVILLE, tranche 12)
KEEP  52 387998263 FRANCE MOULE ET OUTILLAGE (FMO) (LA FERTE MACE, tranche 12)
KEEP  53 353979818 ATELIERS OUTILLAGE PRODUCTION BEUCHEY (AOPB) (DANNEMARIE-SUR-CRETE, tranche 12)
KEEP  54 342395837 STE AFFUTAGE OUTILLAGE SERVICE (SILCUT) (AOS) (CHOLET, tranche 12)
KEEP  55 973501018 OUTILLAGE MECANIQUE DE PRECISION RIDARD (OMPR (SAINT-PRIEST, tranche 12)
KEEP  56 329666572 CERO CONCEPT REALISA OUTILLAGE (CHALLANS, tranche 12)
KEEP  57 353167240 SOCIETE D'APPLICATIONS ET DE REALISATIONS D'O (SURGERES, tranche 12)
KEEP  58 318503885 ATELIERS MECANIQUE PRECISION OUTILLAGE (NEOAX (FLEURINES, tranche 12)
KEEP  59 450757638 OUTILLAGES PRESSE INDUSTRIE DE L'OUEST (OPI O (VIRE NORMANDIE, tranche 12)
KEEP  60 955511423 SOC MECANIQUE ET OUTILLAGE DE PRECISION (SMOP (CHAPONOST, tranche 12)
KEEP  61 517485777 OUTILLAGE PRECISION CARBURE ACIER SOCIETE NOU (FONDETTES, tranche 12)
KEEP  62 798995445 SORI (TULLINS, tranche 12)
KEEP  63 802531053 MOULE A MADELEINES (PARIS, tranche 11)
KEEP  64 381850338 MECA MOULE (ENTRELACS, tranche 11)
KEEP  65 497754770 FABRICATION DE MOULE DU CENTRE 18 (FMC 18) (MERY-SUR-CHER, tranche 11)
KEEP  66 334749215 ENTREPRISE VAL BETON MOULE DE L'EST (EVBME) (GANDRANGE, tranche 11)
KEEP  67 430121764 ATELIER TECHNIQUE D'EQUIPEMENTS MOULE ATTEM (LA FLECHE, tranche 11)
KEEP  68 300022795 MERY PALETTES (MESGRIGNY, tranche 11)
KEEP  69 390813822 SOC CARIBEENNE DE LUNETTERIE (SCL) (BAIE-MAHAULT, tranche 11)
KEEP  70 404990202 JASAWANT & JASAWANT (LE MOULE, tranche 11)
KEEP  71 752743757 FIARI & FRERES (PROFILAGE GRANDE TERRE) (LE MOULE, tranche 11)
--- progress: 525 interroges, 434 retenus ---
KEEP  72 479134157 LA CUISINE DE LA FAMILLE (LTF) (LE MOULE, tranche 11)
KEEP  73 804557650 SAYA (PROXI B) (LE MOULE, tranche 11)
KEEP  74 381421080 SAPAT METAL SARL (POINTE-A-PITRE, tranche 11)
KEEP  75 842147019 SECB STRUCTURE (SECB) (LE MOULE, tranche 11)
KEEP  76 888468493 AU NID DES PAINS (AU NID DES PAINS) (LE MOULE, tranche 11)
KEEP  77 448577791 LES NOUVELLES DU PAIN (LE MOULE, tranche 11)
KEEP  78 904930674 M MES SAVEURS (LE MOULE, tranche 11)
KEEP  79 413894684 ENGELVIN BOIS MOULE (MENDE, tranche 12)
KEEP  80 354094914 DUTHEL MAINTENANCE MOULE (DMM) (GROISSIAT, tranche 12)
KEEP  81 423857036 MOULE DESIGN PROTOTYPE (MDP) (DAMPIERRE, tranche 12)
KEEP  82 303120992 PPG GUADELOUPE (LES ABYMES, tranche 12)
KEEP  83 401139456 NUANCE (DOMARIN, tranche 12)
KEEP  84 333121309 JASAWANT WDL (LE MOULE, tranche 12)
KEEP  85 418392387 GROUPE WDL (LE MOULE, tranche 12)
KEEP  86 492226691 GESTAG (LE MOULE, tranche 12)
KEEP  87 477856561 RAPID DISTRIBUTION (MORNE A L'EAU, tranche 12)
KEEP  88 498235316 RHUM DAMOISEAU (LE MOULE, tranche 12)
KEEP  89 752732495 J.A.S. DECOUPE (J.A.S. DECOUPE) (SEVREMOINE, tranche 11)
KEEP  90 499214195 SUD DECOUPE INDUSTRIE (ONET-LE-CHATEAU, tranche 11)
KEEP  91 353796436 ADEMS DECOUP OXY (CHAPONNAY, tranche 11)
KEEP  92 489901785 MB DECOUPE (NEUVILLE-AU-CORNET, tranche 11)
KEEP  93 445055478 PRO-DECOUPE (BAUD, tranche 11)
KEEP  94 511893414 DECOUPE H2O (DECOUPE H2O) (DH2O) (BROGNARD, tranche 11)
KEEP  95 439237017 ARMA DECOUP (CHAMPTOCE-SUR-LOIRE, tranche 11)
--- progress: 550 interroges, 458 retenus ---
KEEP  96 820764538 DECOUPE LASER (CARROS, tranche 11)
KEEP  97 450797626 ALSACE DECOUPE (SCHWEIGHOUSE-SUR-MOD, tranche 11)
KEEP  98 605520493 SA DECO DECOUP (CLUSES, tranche 11)
KEEP  99 450545900 AAZ DECOUPE (RIS-ORANGIS, tranche 11)
KEEP 100 789650306 HP DECOUPE (LA HAGUE, tranche 11)
KEEP 101 818280414 DECOUPE LASER PLIAGE DE L'OUEST (SAINT-NAZAIRE, tranche 11)
KEEP 102 394798136 DECOUPE INDUSTRIELLE DE PANNEAUX (DIP) (ISSOIRE, tranche 11)
KEEP 103 851105338 SAS M.S DECOUPE (MS DECOUPE CARNESIEN) (IS-SUR-TILLE, tranche 11)
KEEP 104 498789726 MG DECOUPE LASER (NIVOLAS-VERMELLE, tranche 11)
KEEP 105 523431872 VENDEE DECOUPE LASER (VENDEE DECOUPE LASER) (POUZAUGES, tranche 11)
KEEP 106 402781959 REALISATION DECOUPE SOUDURE (R.D.S) (VERNOUILLET, tranche 11)
KEEP 107 842101008 MILLET DECOUPE VIANDES (TARASCON, tranche 11)
KEEP 108 428632251 ERO DECOUPE INDUSTRIE (VERNEUIL L'ETANG, tranche 11)
KEEP 109 533652855 ATELIER DE DECOUPE DE CAMARES (CAMARES, tranche 11)
KEEP 110 487982860 SOC DE DECOUP ET TRANSF DE VIANDES (LE LAMENTIN, tranche 11)
KEEP 111 442605226 ATELIER DECOUPE CHAUDRONNERIE LITTORAL (DUNKERQUE, tranche 11)
KEEP 112 514027861 DECOUPE JET D'EAU DIMOBOX (OZAN, tranche 11)
KEEP 113 390453017 DLS - DECOUPE LASER SERVICES (LA RAVOIRE, tranche 11)
KEEP 114 350894473 DECOUPES ET VENTES D ACIERS INOXYDABLES (DVAI (TOURNAN-EN-BRIE, tranche 11)
KEEP 115 853329134 SEM ABATTAGE & DECOUPE (SEMAD) DE LA JEUNE LO (YSSINGEAUX, tranche 11)
KEEP 116 377957493 SOCIETE CHARCUTERIE SAN LORENZO (SAN-LORENZO, tranche 11)
KEEP 117 851189100 LDS PRESTATIONS (LOIRE DECOUPE DESOSSE) (CHOLET, tranche 11)
KEEP 118 821073368 CMD (CHAUDRONNERIE METALLERIE DECOUPE) (SAINT-CERE, tranche 11)
--- progress: 575 interroges, 481 retenus ---
KEEP 119 449867050 VIANDES OCCITANES (MONTAUBAN, tranche 11)
KEEP 120 382469872 GUYOT DECOUP (BEAUFORT-ORBAGNA, tranche 12)
KEEP 121 817488349 DECOUPE LUX (BRULON, tranche 12)
KEEP 122 884537937 AP DECOUPE (ALGRANGE, tranche 12)
KEEP 123 484067020 PROVENCE DECOUPE (FOS-SUR-MER, tranche 12)
KEEP 124 838677789 NISMA DECOUPE (ESSARTS-EN-BOCAGE, tranche 12)
KEEP 125 879857308 FMX DECOUPE (FMX DECOUPE) (MESLIERES, tranche 12)
KEEP 126 822829990 D.V.P. DECOUPE VIANDES PRODUCTEUR (LA FERRIERE, tranche 12)
KEEP 127 340913524 LA DECOUPE LASER DROUAISE (DLD) (DREUX, tranche 12)
KEEP 128 507518298 ABATTOIR ET DECOUPES DES TUILERIES (BEAUVAIS-SUR-TESCOU, tranche 12)
KEEP 129 411175029 LORRAINE DECOUPE ACIERS (LDA) (SENONES, tranche 12)
KEEP 130 433698123 OUEST DECOUPE SOUDURE   ODS (CHEFFOIS, tranche 12)
KEEP 131 444794283 KLEIN DECOUPE SERVICE - K.D.S. S.A.S. (K.D.S) (JONAGE, tranche 12)
KEEP 132 310880489 SOCIETE D'ETUDES ET REALISATION D'OUTILS A DE (PIREY, tranche 12)
KEEP 133 404048704 ABAG (ABATTOIRS DE GRENOBLE) (ABAG) (ABAG) (FONTANIL-CORNILLON, tranche 12)
KEEP 134 393492269 LGP PACKAGING (CEDI-CARTONNERIE-EMBALLAGE-DEC (BRETEUIL, tranche 12)
KEEP 135 309246247 DPMI (DECOUPE PLIAGE MECANO SOUDURE INDUSTRIE (MARBOZ, tranche 12)
KEEP 136 799978093 GUEGAN CHAUDRONNERIE (RENNES, tranche 11)
KEEP 137 488183138 CHAUDRONNERIE SERVICES (FEIGNIES, tranche 11)
KEEP 138 443661681 CHAUDRONNERIE MARMONIER (NIVOLAS-VERMELLE, tranche 11)
KEEP 139 403946825 SOCIETE INDUSTRIELLE DE CHAUDRONNERIE (SIC) (PONT-SAINTE-MARIE, tranche 11)
KEEP 140 883933863 CHAUDRONNERIE BRILLA GILLES (CHAUDRONNERIE BR (MONTMIRAL, tranche 11)
KEEP 141 440357275 ATELIER DE CHAUDRONNERIE DE SASSENAGE (ACS) (CHAMPAGNIER, tranche 11)
KEEP 142 398472449 CHAUDRONNERIE INDUSTRIELLE VANNETAISE (VANNES, tranche 11)
--- progress: 600 interroges, 505 retenus ---
KEEP 143 381781087 CHAUDRONNERIE DU BASSIN (CDB) (BOISSE-PENCHOT, tranche 11)
KEEP 144 348425232 BEAUCOURT CHAUDRONNERIE (BILLY-BERCLAU, tranche 11)
KEEP 145 330328303 CHAUDRONNERIE AUBERT (LE CHAMBON-FEUGEROLL, tranche 11)
KEEP 146 432205805 CHAUDRONNERIE COLINET (MONTAMISE, tranche 11)
KEEP 147 407555663 CHAUDRONNERIE DE LA PLAINE SA (PADOUX, tranche 11)
KEEP 148 518380217 CHAUDRONNERIE DU GOL (SAINT-LOUIS, tranche 11)
KEEP 149 792176117 LA CHAUDRONNERIE VIERZONNAISE (L.A.C.V.) (VIERZON, tranche 11)
KEEP 150 790675409 LA CHAUDRONNERIE ALLAMAN (VOIRON, tranche 11)
KEEP 151 829071307 GRISA CHAUDRONNERIE (VOREPPE, tranche 11)
KEEP 152 329593420 CHAUDRONNERIE DE L ISERE (SASSENAGE, tranche 11)
KEEP 153 311273874 CHAUDRONNERIE BAULOISE SA (BAULE, tranche 11)
KEEP 154 418860383 CHAUDRONNERIE KOKOL (KILSTETT, tranche 11)
KEEP 155 381700434 MOTHAISE DE CHAUDRONNERIE (LES ACHARDS, tranche 11)
KEEP 156 434143814 CHAUDRONNERIE VILLETTE (MONTEBOURG, tranche 11)
KEEP 157 400062055 L.I.H.D. CHAUDRONNERIE (L.I.H.D. CHAUDRONNERI (SAINT-SAUVEUR, tranche 11)
KEEP 158 335233573 CHAUDRONNERIE DU CORDEAU (CHASSELAY, tranche 11)
KEEP 159 971501408 CHAUDRONNERIE VEYRET (SAINT-LAURENT-DE-MUR, tranche 11)
KEEP 160 838947612 CHAUDRONNERIE DE L'ANGOUMOIS (LA COURONNE, tranche 11)
KEEP 161 790610430 SMC CHAUDRONNERIE (SMC CHAUDRONNERIE) (GRATOT, tranche 11)
KEEP 162 838199511 ETABLISSEMENT DE CHAUDRONNERIE ET DE TUYAUTER (ABREST, tranche 11)
KEEP 163 440837417 CHAUDRONNERIE GUY MARIE (VERSON, tranche 11)
KEEP 164 409555281 ATELIER DE CHAUDRONNERIE INDUSTRIELLE (INGRANDES-LE-FRESNE-, tranche 11)
KEEP 165 409779451 ATELIER CREUSOIS DE CHAUDRONNERIE (A2C) (GUERET, tranche 11)
KEEP 166 381334952 CHAUDRONNERIE SERRURERIE INDUSTRIELLE (CSI) (JOUY-LE-MOUTIER, tranche 11)
KEEP 167 320927098 CHAUDRONNERIE INDUSTRIELLE DU PERCHE (CIP) (LA BAZOCHE-GOUET, tranche 11)
--- progress: 625 interroges, 530 retenus ---
KEEP 168 332276468 CHAUDRONNERIE METALLERIE SALIGNOISE (C M S) (SALIGNY-SUR-ROUDON, tranche 11)
KEEP 169 422068338 CALMEY CHAUDRONNERIE SERRURERIE (RACHES, tranche 11)
KEEP 170 420863458 MECANIQUE ET CHAUDRONNERIE DE BOURGOGNE (MCB) (MALAY-LE-GRAND, tranche 11)
KEEP 171 430161497 CREATION IND.TUYAUTERIE CHAUDRONNERIE (C I T  (RENNES, tranche 11)
KEEP 172 389244047 CHAUDRONNERIE INDUSTRIELLE DE LA SEINE (CIS) (BOUAFLES, tranche 11)
KEEP 173 390868610 CHAUDRONNERIE MECANIQUE ARIEGEOISE (CMA) (LAVELANET, tranche 11)
KEEP 174 481171601 CHAUDRONNERIE TUYAUTERIE RUCK (CTR) (HERRLISHEIM, tranche 11)
KEEP 175 525337986 TREUILS ET CHAUDRONNERIE MAYENNAIS (GROUPE SA (MAYENNE, tranche 11)
KEEP 176 525041729 CHAUDRONNERIE TUYAUTERIE MONTAGE (C.T.M.) (MARTIGUES, tranche 11)
KEEP 177 788157600 CHAUDRONNERIE FINE DE LA LOIRE (CFL) (SAINT-ETIENNE, tranche 11)
KEEP 178 349264846 CHAUDRONNERIE TUYAUTERIE DU LOIRET (TRIAMETAL (ESTOUY, tranche 11)
KEEP 179 518227327 CHAUDRONNERIE INDUSTRIELLE NOGENTAISE (CHAUDR (VAL-DE-MEUSE, tranche 11)
KEEP 180 384539904 ETUDES CONCEPTIONS CHAUDRONNERIE (LA CHAPELLE-LA-REINE, tranche 11)
KEEP 181 350861621 CHAUDRONNERIE MAINTENANCE INDUSTRIELLE (CMI) (LOUIN, tranche 11)
KEEP 182 322149899 TUYAUTERIE CHAUDRONNERIE CHAMPENOISE (ART'CRA (SAINT-MARTIN-SUR-LE-, tranche 11)
KEEP 183 402064166 METALLERIE CHAUDRONNERIE SERVICES (MCS) (SAINT-AVERTIN, tranche 11)
KEEP 184 334820776 MECANIQUE CHAUDRONNERIE SERRURERIE (MCS) (MAYENNE, tranche 11)
KEEP 185 393810650 MARNAISE CHAUDRONNERIE TUYAUTERIE (MCT) (OIRY, tranche 11)
KEEP 186 752438234 CHAUDRONNERIE DEBOC MAINTENANCE (BRETEUIL, tranche 11)
KEEP 187 790213771 LES PROFESSIONNELS DE LA CHAUDRONNERIE INDUST (CORBAS, tranche 11)
KEEP 188 800135568 CHAUDRONNERIE - SERRURERIE - INDUSTRIELLE (LA ROCHELLE, tranche 11)
KEEP 189 813134681 ARMORICAINE DE TUYAUTERIE ET DE CHAUDRONNERIE (TREGUEUX, tranche 11)
KEEP 190 801589110 ATELIER CHAUDRONNERIE NORMAND (ACN) (GADENCOURT, tranche 11)
KEEP 191 789216181 TS2C (TUYAUTERIE SOUDURE CHAUDRONNERIE ET CRE (PLOUGASTEL-DAOULAS, tranche 11)
--- progress: 650 interroges, 554 retenus ---
KEEP 192 922075148 SOCIETE DE TUYAUTERIE ET CHAUDRONNERIE PLASTI (LABARTHE-SUR-LEZE, tranche 11)
KEEP 193 487852121 ATELIER DE CHAUDRONNERIE ET TRAVAUX INOX (A.C (SAINT-DERRIEN, tranche 11)
KEEP 194 794521559 SOCIETE TUYAUTERIE CHAUDRONNERIE CHARPENTE (S (L'ETANG-SALE, tranche 11)
KEEP 195 324536952 SOCIETE NOUVELLE D'ENTRETIEN ET DE CHAUDRONNE (LE HAVRE, tranche 11)
KEEP 196 449349380 CHAUDRONNERIE CHARPENTE TUYAUTERIE PYREN (CCT (VARILHES, tranche 11)
KEEP 197 821600863 OUVRAGES DE CHAUDRONNERIE ET MAINTENANCE INDU (QUEVERT, tranche 11)
KEEP 198 567250048 CHAUDRONNERIE INDUSTR VALLEE DU MESVRIN (CIVM (SAINT-SERNIN-DU-BOIS, tranche 11)
KEEP 199 431853183 SOCIETE ORNAISE DE CHAUDRONNERIE CARROSSERIE  (COULMER, tranche 11)
KEEP 200 419278262 SOUDURE TUYAUTERIE INDUSTRIELLE CHAUDRONNERIE (CHAUMOUSEY, tranche 11)
KEEP 201 423633114 ENTREPRISE DE CHAUDRONNERIE ET METTALERIE IND (MONTAIGU-VENDEE, tranche 11)
KEEP 202 341820470 ENTRETIEN CHAUDRONNERIE TUYAUTERIE INDUSTRIEL (LIMAS, tranche 11)
KEEP 203 383775251 CHAUDRONNERIE AGRICOL REPAR INDUSTRIELLE (CAR (SORGUES, tranche 11)
KEEP 204 509053674 STE TUYAUTERIE CHAUDRONNERIE INDUSTRIELLE (RIVIERE-SALEE, tranche 11)
KEEP 205 440333300 SARL CHAUDRONNERIE INDUSTRIELLE POLLET (BAILLEUL, tranche 11)
KEEP 206 921632659 SOCIETE DE MECANIQUE ET CHAUDRONNERIE DE L'AR (CHOCQUES, tranche 11)
KEEP 207 843920406 TMC - TUYAUTERIE METALLERIE CHAUDRONNERIE (TM (ETAMPES, tranche 11)
KEEP 208 500772637 CHAUDRONNERIE SOUDURE DENIS LAURENT (C.S.D.L. (SOUDAN, tranche 11)
KEEP 209 341752863 CHAUDRONNERIE INDUSTRIE CONDIT DE L AIR (CIC  (LIMOGES, tranche 11)
KEEP 210 353108335 CHAUDRONNERIE TUYAUTERIE PROTECT INCENDI (CTP (VILLE-SOUS-ANJOU, tranche 11)
KEEP 211 478588734 EST TUYAUTERIE ET CHAUDRONNERIE INDUSTRIELLE  (HŒRDT, tranche 11)
KEEP 212 399187129 SOUDURE CHAUDRONNERIE CHRISTOPHE GAGNON (SCCG (SAINT-JULIEN-LES-VIL, tranche 11)
KEEP 213 404333148 CORNOUAILLE CHAUDRONNERIE MECANO SOUDURE (CCM (SAINT-EVARZEC, tranche 11)
KEEP 214 408058238 CHAUDRONNERIE SERRURERIE TUYAUTERIE EURE (CST (SAINT-PIERRE-LA-GARE, tranche 11)
KEEP 215 337621023 MECANIQUE GENERALE CHAUDRONNERIE ARTOIS (MGCA (DIVION, tranche 11)
--- progress: 675 interroges, 578 retenus ---
KEEP 216 840984488 SARL CHAUDRONNERIE METALLERIE REUNION (C.M.R. (SAINT-PAUL, tranche 11)
KEEP 217 378698450 ANDRIEUX BONNET CHAUDRONNERIE INDUSTRIEL (ABC (SAINT-BRICE-SUR-VIEN, tranche 11)
KEEP 218 490531985 SOCIETE DE CHAUDRONNERIE ET DE TUYAUTERIE IND (ST JEAN AUX BOIS, tranche 11)
KEEP 219 381344621 CHAUDRONNERIE TUYAUTERIE MAINTENANCE INDUSTRI (TERSSAC, tranche 11)
KEEP 220 350979282 SOCIETE DE MONTAGE-TUYAUTERIE-CHAUDRONNERIE E (SIDEVILLE, tranche 11)
KEEP 221 353966971 CHAUDRONNERIE INDUSTRIELLE MECANO SOUDURE DE  (SAINT-SIMEON-DE-BRES, tranche 11)
KEEP 222 507526705 SOCIETE D'ETUDES DE TUYAUTERIE INDUSTRIELLE E (SORGUES, tranche 11)
KEEP 223 507566446 CHAUDRONNERIE TECHNIQUE VAL DE SAONE - CTVS ( (TREVOUX, tranche 11)
KEEP 224 511536740 MCTI MAINTENANCE CHAUDRONNERIE TUYAUTERIE IND (LE PORTEL, tranche 11)
KEEP 225 492075304 ENTREPRISE DE CHAUDRONNERIE INDUSTRIELLE LABO (SAINT-LAURENT-DES-HO, tranche 11)
KEEP 226 519819643 SICA SOCIETE INDUSTRIELLE DE CHAUDRONNERIE AU (LEMPDES-SUR-ALLAGNON, tranche 11)
KEEP 227 501459754 ATELIER CHAUDRONNERIE SERRURERIE MAINTENANCE  (TONNEINS, tranche 11)
KEEP 228 418518700 CHAUDRONNERIE TUYAUTERIE SOUDURE INDUSTRIELLE (RIVAS, tranche 11)
KEEP 229 300109485 ENTREPRISE BRETONNE DE TUYAUTERIE ET CHAUDRON (GOVEN, tranche 11)
KEEP 230 511073512 E.S.T.C ENTREPRISE SOUDURE TUYAUTERIE CHAUDRO (MARSEILLE 15, tranche 11)
KEEP 231 333085843 SARL METALLERIE MENUISERIE ACIER CHAUDRONNERI (HONFLEUR, tranche 11)
KEEP 232 797852910 A.C.T.E.M. INDUSTRIE (ALSACE-CHAUDRONNERIE-TU (WEYERSHEIM, tranche 11)
KEEP 233 430015826 SNEM SAS (SNEM) (SNEM) (SEINGBOUSE, tranche 11)
KEEP 234 883450066 NSN R.A.C. (RHONE ALPES CHAUDRONNERIE) (HEYRIEUX, tranche 11)
KEEP 235 907990220 CUVERIE COGNACAISE (CHAUDRONNERIE COGNACAISE) (MERPINS, tranche 11)
KEEP 236 633650627 PLASTIMUL (GISORS, tranche 11)
KEEP 237 840437180 DEBOFFLES (TUYAUTERIE - CHAUDRONNERIE - SERRU (CHAUNY, tranche 11)
KEEP 238 317854198 RAVANAT CHAUDRONNERIE (SAINT-JEAN-DE-MOIRAN, tranche 12)
--- progress: 700 interroges, 601 retenus ---
KEEP 239 528026156 STMC CHAUDRONNERIE (SAINT-LOUIS, tranche 12)
KEEP 240 319448262 CHAUDRONNERIE REGIONALE DE LA BRIE (CRB) (LA CHAPELLE-LA-REINE, tranche 12)
KEEP 241 337828602 METAL TUYAUTERIE INDUSTRIEL CHAUDRONNERI (MET (CHALON-SUR-SAONE, tranche 12)
KEEP 242 421264037 4 J CHAUDRONNERIE (SAINTE-BLANDINE, tranche 12)
KEEP 243 492406772 S.T.B.E CHAUDRONNERIE (RUITZ, tranche 12)
KEEP 244 530044684 CHAUDRONNERIE AGNP (NASSANDRES SUR RISLE, tranche 12)
KEEP 245 382446201 CHAUDRONNERIE DU RIED (SAASENHEIM, tranche 12)
KEEP 246 341089068 PCVS CHAUDRONNERIE (CHANAS, tranche 12)
KEEP 247 301273678 CHAUDRONNERIE LOUCHET (CAMBLIGNEUL, tranche 12)
KEEP 248 448396234 CHAUDRONNERIE COGNACAISE (MERPINS, tranche 12)
KEEP 249 409458916 CHAUDRONNERIE DE LA RHUNE (TARNOS, tranche 12)
KEEP 250 380046862 CHAUDRONNERIE LESPINASSE (HIERSAC, tranche 12)
KEEP 251 557020062 CHAUDRONNERIE LESCAUT SA (BERGERAC, tranche 12)
KEEP 252 353932338 MECANIQUE ET CHAUDRONNERIE DE L'AISNE-MCA (BOULLEVILLE, tranche 12)
KEEP 253 394526503 CHAUDRONNERIE SERVICE SOCIETE D'EXPLOITATION (YVRAC, tranche 12)
KEEP 254 451891584 CHAUDRONNERIE INDUST MAINTENANCE ETUDES (CIME (SAINT SAULVE, tranche 12)
KEEP 255 331203968 SOCIETE DE MONTAGE EN CHAUDRONNERIE ET TUYAUT (SAINT-NAZAIRE, tranche 12)
KEEP 256 501525992 MECANIQUE CHAUDRONNERIE SERVICE (MCS) (DONVILLE-LES-BAINS, tranche 12)
KEEP 257 379532369 STE GIENNOISE DE CHAUDRONNERIE (SGC) (GIEN, tranche 12)
KEEP 258 348590399 CHAUDRONNERIE SERRURERIE MONTELIMARD (C.S.M.) (TENCE, tranche 12)
KEEP 259 309084390 STE INDUS.TUYAUTERIE CHAUDRONNERIE (SITC) (SI (MOURENX, tranche 12)
KEEP 260 539176768 CADIOU CHAUDRONNERIE PLASTIQUE (GUENGAT, tranche 12)
KEEP 261 330221029 TUYAUTERIE CHAUDRONNERIE MACONNAISE (TCM) (MACON, tranche 12)
KEEP 262 338543416 ATELIERS CHAUDRONNERIE CANTAL (ACC) (SANSAC-DE-MARMIESSE, tranche 12)
KEEP 263 843168360 FERRONNERIE CHAUDRONNERIE ENTRETIEN (F.C.E.) (LES PENNES-MIRABEAU, tranche 12)
--- progress: 725 interroges, 626 retenus ---
KEEP 264 394604334 REALISATION CHAUDRONNERIE CHARPENTE (R2C) (DAMIGNY, tranche 12)
KEEP 265 328367891 MECANIQUE CHAUDRONNERIE HYDRAULIQUE (MCH) (MARPENT, tranche 12)
KEEP 266 321408932 COMPAGNIE FRANCAISE DE CHAUDRONNERIE (CFC) (BLENDECQUES, tranche 12)
KEEP 267 351845128 CHAUDRONNERIE ALBANAISE - GRANGER (BLOCALPS) (ENTRELACS, tranche 12)
KEEP 268 378103709 CHAUDRONNERIE TUYAUTERIE LAUNAY (CTL) (SURGERES, tranche 12)
KEEP 269 442669529 ATELIER CHAUDRONNERIE LASER (ACL23) (FROMENTAL, tranche 12)
KEEP 270 399789098 TUYAUTERIE CHAUDRONNERIE D'AUJOURD'HUI (TCA) (SAINT VIGOR D'YMONVI, tranche 12)
KEEP 271 790551519 METALLURGIE CHAUDRONNERIE TUYAUTERIE (M.C.T) (SOISSONS, tranche 12)
KEEP 272 843870064 CONCEPTION CHAUDRONNERIE MECANIQUE TECHNOLOGI (CORAY, tranche 12)
KEEP 273 428679724 CHAUDRONNERIE INDUSTR CHAMP ARDENNE (CICA) (MUIZON, tranche 12)
KEEP 274 903091676 SCM SOUDURE CHAUDRONNERIE MAINTENANCE (DESCARTES, tranche 12)
KEEP 275 503441594 ALLIANCE CHAUDRONNERIE TUYAUTERIE INDUSTRIE ( (VILLENEUVE-D'OLMES, tranche 12)
KEEP 276 519127419 MIGNON CHAUDRONNERIE ET TECHNOLOGIE INDUSTRIE (HENNEBONT, tranche 12)
KEEP 277 312573850 SERRURERIE CHAUDRONNERIE BOUFFIER-HEURTAUT (S (FRENEUSE, tranche 12)
KEEP 278 303828883 ATELIER MECANIQUE CHAUDRONNERIE SERRURER (AMC (SAINTE AGATHE D'ALIE, tranche 12)
KEEP 279 808029359 REALISATION CHAUDRONNERIE ET TUYAUTERIE POUR  (CANEJAN, tranche 12)
KEEP 280 338407182 CHAUDRONNERIE TUYAUTERIE MECANO SOUDURE (CTMS (AVESNES-SUR-HELPE, tranche 12)
KEEP 281 410185623 CHAUDRONNERIE MAINTENANCE MECANIQUE INDUSTRIE (INGRANDES, tranche 12)
KEEP 282 504919200 T.M.C.I. TUYAUTERIE  MECANO SOUDURE CHAUDRONN (MONTOIR-DE-BRETAGNE, tranche 12)
KEEP 283 493934624 SARL SOCIETE TRAVAUX CHAUDRONNERIE INDUSTRIEL (LE PORT, tranche 12)
KEEP 284 518104369 CONSTRUCTIONS METALLIQUES ET CHAUDRONNERIE YO (POIRE SUR VIE (LE), tranche 12)
KEEP 285 453528481 SAS 2STC SOCIETE DE TUYAUTERIE SPRINKLER ET C (CHARLEVAL, tranche 12)
KEEP 286 318772324 FICAP (BRAY-SUR-SEINE, tranche 12)
KEEP 287 380295337 CMN INDUSTRIE (MIRIBEL, tranche 12)
KEEP 288 538985714 ACTIOMS (ACTIOMS) (SAINT-MARCEL, tranche 12)
--- progress: 750 interroges, 651 retenus ---
=== PHASE 1 done: 750 interroges, 651 retenus ===
