[9/100] ALSACE TOLERIE (ALSACE TOLERIE)               -> pas_de_site 
[10/100] AMADA OUTILLAGE                               -> pas_de_site 
[11/100] ANJOU DECOLLETAGE                             -> ok anjoudecolletage.com
[12/100] AP DECOUPE                                    -> pas_de_site 
[13/100] APPLICATION DE TECHNIQUES D'ELECTRO-EROSION M -> doublon atemip.com
[14/100] APPLICATION GENERALE MECANIQUE ELECTRIQU (AGM -> homonyme agme.com
[15/100] APPLICATIONS USINAGE DES PLASTIQUES POUR L'IN -> pas_de_site 
[16/100] ARDEN PLAST SAS                               -> homonyme ardenplast.fr
[17/100] ATELIER CHAUDRONNERIE LASER (ACL23)           -> homonyme acl23.fr
[18/100] ATELIER DE DECOLLETAGE DE BIGORRE (ADB)       -> homonyme adb.com
[19/100] ATELIER DE FRAISAGE ET MECANIQUE (AFM)        -> homonyme afm.com
[20/100] ATELIER DECOLLETAGE MECANIQUE ISERE (ADEMIS)  -> homonyme ademis.fr
[21/100] ATELIER INDUSTRIEL TOLERIE SOUDURE SATIP (AIT -> pas_de_site 
[22/100] ATELIER MECANIQUE CHAUDRONNERIE SERRURER (AMC -> homonyme amcs.fr
[23/100] ATELIER MECANIQUE DECOLLETAGE SANDERON (AMD S -> pas_de_site 
[24/100] ATELIER MECANIQUE THOUARSAIS D'ELECTROEROSION -> pas_de_site 
[25/100] ATELIER SOUDURE TOLERIE CHAUDRONNERIE (ASTC)  -> homonyme astc.fr
[26/100] ATELIER TOLERIE MECANIQUE PRECISION 77        -> pas_de_site 
[27/100] ATELIERS CHAUDRONNERIE CANTAL (ACC)           -> pas_de_site 
[28/100] ATELIERS CONSTRUCTION MECANIQUE GENERALE (ACM -> homonyme acmg.fr
[29/100] ATELIERS DE TOLERIE ANJOU BRETAGNE (ATAB)     -> homonyme atab.fr
[30/100] ATELIERS DE TOLERIE FINE (ATF)                -> pas_de_site 
[31/100] ATELIERS MECANIQUE PRECISION OUTILLAGE (NEOAX -> homonyme mecaniqueprecision.fr
[32/100] ATELIERS OUTILLAGE PRODUCTION BEUCHEY (AOPB)  -> ok aopb.fr
[33/100] ATHISIENNE MECANIQUE MOULE ET OUTILLAGE       -> pas_de_site 
[34/100] ATLANTIQUE TOLERIE SOUDURE                    -> pas_de_site 
[35/100] AUTOMATISATION MACHINES USINAGE (ACTEMIUM ANJ -> pas_de_site 
[36/100] AUTOMATISME TOLERIE ET MECANIQUE (ATM)        -> homonyme atm.fr
[37/100] AXIL PLASTURGIE                               -> doublon axil-plasturgie.com
[38/100] BAXTER INJECTION                              -> doublon baxter-injection.com
[39/100] BOULANGERIE JOSSERAND                         -> pas_de_site 
[40/100] BREIZH USINAGE SERVICES                       -> pas_de_site 
[41/100] BRIZARD USINAGE (BRIZARD USINAGE)             -> pas_de_site 
[42/100] CADIOU CHAUDRONNERIE PLASTIQUE                -> homonyme cadiou-chaudronnerie-plastique.fr
[43/100] CAMEGA-TOLERIE                                -> pas_email camega-tolerie.com
[44/100] CARROSSERIE TOLERIE INDUSTRIELLE GROMY        -> pas_de_site 
[45/100] CENTRALU USINAGE                              -> homonyme centralu-usinage.com
[46/100] CERO CONCEPT REALISA OUTILLAGE                -> pas_de_site 
[47/100] CGS PLASTIQUE                                 -> smtp_bloque cgsplastique.fr
[48/100] CHARLES LAUZIER                               -> pas_de_site 
[49/100] CHAUDRONNERIE AGNP                            -> pas_de_site 
[50/100] CHAUDRONNERIE ALBANAISE - GRANGER (BLOCALPS)  -> pas_email blocalps.fr
[51/100] CHAUDRONNERIE COGNACAISE                      -> pas_email chaudronnerie-cognacaise.com
[52/100] CHAUDRONNERIE DE LA RHUNE                     -> pas_de_site 
[53/100] CHAUDRONNERIE DU RIED                         -> pas_de_site 
[54/100] CHAUDRONNERIE INDUST MAINTENANCE ETUDES (CIME -> homonyme cime.fr
[55/100] CHAUDRONNERIE INDUSTR CHAMP ARDENNE (CICA)    -> pas_de_site 
[56/100] CHAUDRONNERIE LESCAUT SA                      -> pas_de_site 
[57/100] CHAUDRONNERIE LESPINASSE                      -> pas_de_site 
[58/100] CHAUDRONNERIE LOUCHET                         -> homonyme chaudronnerielouchet.fr
