=== PHASE 1 start: 750 candidats bruts ===
reprise: 450 deja interroges, 363 retenus
KEEP   1 781619358 SOC APPLIC VENTILATION TOLERIE (SAVETO) (STAPLE, tranche 12)
KEEP   2 423559640 T.P.M.S. - TOLERIE DE PRECISION - MECANO- SOU (MONTHOLON, tranche 12)
KEEP   3 341558799 ATELIER TOLERIE MECANIQUE PRECISION 77 (YEBLES, tranche 12)
KEEP   4 383388675 SOCIETE DE TOLERIE ENSEMBLE MECANO SOUDES (S. (LAMORLAYE, tranche 12)
KEEP   5 794303412 ATELIER INDUSTRIEL TOLERIE SOUDURE SATIP (AIT (VERRIERES-EN-ANJOU, tranche 12)
KEEP   6 911822682 CHAUDRONNERIE TOLERIE INDUSTRIELLE - BENNES A (BELFORET-EN-PERCHE, tranche 12)
KEEP   7 403853807 SOCIETE DE TOLERIE INDUSTRIELLE ET MECANIQUE  (ALBERT, tranche 12)
KEEP   8 316809870 SOCIETE INDUSTRIELLE DE TOLERIE POUR LE BATIM (CHOISY-LE-ROI, tranche 12)
KEEP   9 338216260 ETUDES INDUSTRIELLES TOLERIE A REALISATIONS C (SAINT-MARTIN-D'HERES, tranche 12)
KEEP  10 519592000 KUKA SYSTEMS GMBH (, tranche 12)
KEEP  11 873802045 COMOTOLERIE (COMOTOLERIE - COMO TOLERIE) (ANCENIS-SAINT-GEREON, tranche 12)
KEEP  12 534013172 SOCIETE DE FAIT RICUPERO (RICUPERO TOLERIE FI (PIREY, tranche 12)
KEEP  13 339895872 CREATE OUTILLAGE (VAULX-EN-VELIN, tranche 11)
KEEP  14 477586168 ARDENN OUTILLAGES (CHARLEVILLE-MEZIERES, tranche 11)
KEEP  15 307736520 RACODON OUTILLAGE (LA TALAUDIERE, tranche 11)
KEEP  16 393106893 TECHNI OUTILLAGES (INCHEVILLE, tranche 11)
KEEP  17 321263279 STE COURTEILLE OUTILLAGE (SAINT-JEAN-SUR-MAYEN, tranche 11)
KEEP  18 334847399 BOTEMO MOULES OUTILLAGE (SEVREMOINE, tranche 11)
KEEP  19 423296193 VIZA OUTILLAGE DE PRECISION (THIERS, tranche 11)
KEEP  20 404724841 CLEZARDIN MACHINES ET OUTILLAGES (MER, tranche 11)
KEEP  21 521791376 EATON OUTILLAGES SYSTEMES (BELIGNEUX, tranche 11)
KEEP  22 061502068 OUTILLAGE ET MECANIQUE GENERALE (OMG) (FONTANIL-CORNILLON, tranche 11)
KEEP  23 333542827 OUTILLAGE SPECIAL DE PRECISION (OSP) (YZEURE, tranche 11)
KEEP  24 301222568 MECANIQUE OUTILLAGE DECOUPAGE (MOD) (SAINT-LEGER-SOUS-CHO, tranche 11)
--- progress: 475 interroges, 387 retenus ---
KEEP  25 303375422 OUTILLAGES ET PLASTIQUES SERVICES (OPS) (SAINT-JEAN-DE-SOUDAI, tranche 11)
KEEP  26 317386258 ATELIER CHANITOIS D OUTILLAGE (ACOMEP) (CHAMPLITTE, tranche 11)
KEEP  27 401882568 LEXOVIENNE DE MECANIQUE ET OUTILLAGE (MEZIDON VALLEE D'AUG, tranche 11)
KEEP  28 399354570 MOULES ET OUTILLAGES DE L OUEST (BRISSAC LOIRE AUBANC, tranche 11)
KEEP  29 973500507 MOULES OUTILLAGES MECANIQUES (MOM) (GRIGNY, tranche 11)
KEEP  30 542038021 OUTILLAGE MECANIQUE DE PRECISION (OMP) (COMPIEGNE, tranche 11)
KEEP  31 582066569 DECOUPAGE SUR OUTILLAGE DE PRECISION (DECOUP) (VILLENAUXE-LA-GRANDE, tranche 11)
KEEP  32 542012638 MATERIEL OUTILLAGE RATIONNELS INDUSTRIE (MORI (ANGERVILLE, tranche 11)
KEEP  33 438020190 BMO BERGUY MECANIQUE OUTILLAGE (SAVIGNY-LE-TEMPLE, tranche 11)
KEEP  34 394029888 ATELIER FABRICATION OUTILLAGE PLASTIQUES (AFO (BRETEIL, tranche 11)
KEEP  35 522881978 ETUDE CONCEPTION OUTILLAGE TRAITEMENTS DE SUR (SEVRAN, tranche 11)
KEEP  36 381319755 SERVICE MACHINE OUTILLAGE TECHNIQUE 47 (SMOT  (MIRAMONT-DE-GUYENNE, tranche 11)
KEEP  37 418118139 OPAL OUTILLAGE PRESSE - AUZOU LAVOINE (OPAL) (SAINT-QUENTIN-LA-MOT, tranche 11)
KEEP  38 442548376 SOMP SOCIETE D OUTILLAGE ET DE MECANIQUE DE P (FROIDEFONTAINE, tranche 11)
KEEP  39 397780396 SOCIETE FALAISIENNE DE FABRICATION DE MOULES  (FALAISE, tranche 11)
KEEP  40 339286981 SOCIETE D'ETUDES ET CONSTRUCTIONS D'OUTILLAGE (SAINT-QUENTIN, tranche 11)
KEEP  41 479894719 OTEC OUTILLAGES ET TECHNIQUES (SAINTE-MARIE-AUX-CHE, tranche 11)
KEEP  42 494352537 LORRAINE MONTAGE MAINTENANCE INDUSTRIELLE (MA (BENAMENIL, tranche 11)
KEEP  43 320005192 BONNEFOND (LE PIAN-MEDOC, tranche 11)
KEEP  44 424637460 ERPO (ETUDE ET REALISATION DE PETITS OUTILLAG (TOULOUSE, tranche 11)
KEEP  45 347527012 GALLEZ OUTILLAGE (DOUVRIN, tranche 12)
KEEP  46 307546515 MANUFACTURE D OUTILLAGE (BERCHE, tranche 12)
KEEP  47 439678780 SIBILLE OUTILLAGE (SIBILLE OUTILLAGE) (MALATAVERNE, tranche 12)
KEEP  48 345297006 GP OUTILLAGE (SAINT-LAGER, tranche 12)
--- progress: 500 interroges, 411 retenus ---
KEEP  49 320130263 AMADA OUTILLAGE (VAL-DE-SCIE, tranche 12)
KEEP  50 349352351 SAGOP OUTILLAGES (SAINT-CLEMENT, tranche 12)
KEEP  51 379184591 SOCIETE D'OUTILLAGE POUR LA PRODUCTIQUE, LA R (INCHEVILLE, tranche 12)
KEEP  52 387998263 FRANCE MOULE ET OUTILLAGE (FMO) (LA FERTE MACE, tranche 12)
KEEP  53 353979818 ATELIERS OUTILLAGE PRODUCTION BEUCHEY (AOPB) (DANNEMARIE-SUR-CRETE, tranche 12)
KEEP  54 342395837 STE AFFUTAGE OUTILLAGE SERVICE (SILCUT) (AOS) (CHOLET, tranche 12)
KEEP  55 973501018 OUTILLAGE MECANIQUE DE PRECISION RIDARD (OMPR (SAINT-PRIEST, tranche 12)
KEEP  56 329666572 CERO CONCEPT REALISA OUTILLAGE (CHALLANS, tranche 12)
KEEP  57 353167240 SOCIETE D'APPLICATIONS ET DE REALISATIONS D'O (SURGERES, tranche 12)
KEEP  58 318503885 ATELIERS MECANIQUE PRECISION OUTILLAGE (NEOAX (FLEURINES, tranche 12)
KEEP  59 450757638 OUTILLAGES PRESSE INDUSTRIE DE L'OUEST (OPI O (VIRE NORMANDIE, tranche 12)
KEEP  60 955511423 SOC MECANIQUE ET OUTILLAGE DE PRECISION (SMOP (CHAPONOST, tranche 12)
KEEP  61 517485777 OUTILLAGE PRECISION CARBURE ACIER SOCIETE NOU (FONDETTES, tranche 12)
KEEP  62 798995445 SORI (TULLINS, tranche 12)
KEEP  63 802531053 MOULE A MADELEINES (PARIS, tranche 11)
KEEP  64 381850338 MECA MOULE (ENTRELACS, tranche 11)
KEEP  65 497754770 FABRICATION DE MOULE DU CENTRE 18 (FMC 18) (MERY-SUR-CHER, tranche 11)
KEEP  66 334749215 ENTREPRISE VAL BETON MOULE DE L'EST (EVBME) (GANDRANGE, tranche 11)
KEEP  67 430121764 ATELIER TECHNIQUE D'EQUIPEMENTS MOULE ATTEM (LA FLECHE, tranche 11)
KEEP  68 300022795 MERY PALETTES (MESGRIGNY, tranche 11)
KEEP  69 390813822 SOC CARIBEENNE DE LUNETTERIE (SCL) (BAIE-MAHAULT, tranche 11)
KEEP  70 404990202 JASAWANT & JASAWANT (LE MOULE, tranche 11)
KEEP  71 752743757 FIARI & FRERES (PROFILAGE GRANDE TERRE) (LE MOULE, tranche 11)
--- progress: 525 interroges, 434 retenus ---
KEEP  72 479134157 LA CUISINE DE LA FAMILLE (LTF) (LE MOULE, tranche 11)
KEEP  73 804557650 SAYA (PROXI B) (LE MOULE, tranche 11)
KEEP  74 381421080 SAPAT METAL SARL (POINTE-A-PITRE, tranche 11)
KEEP  75 842147019 SECB STRUCTURE (SECB) (LE MOULE, tranche 11)
KEEP  76 888468493 AU NID DES PAINS (AU NID DES PAINS) (LE MOULE, tranche 11)
KEEP  77 448577791 LES NOUVELLES DU PAIN (LE MOULE, tranche 11)
KEEP  78 904930674 M MES SAVEURS (LE MOULE, tranche 11)
KEEP  79 413894684 ENGELVIN BOIS MOULE (MENDE, tranche 12)
KEEP  80 354094914 DUTHEL MAINTENANCE MOULE (DMM) (GROISSIAT, tranche 12)
KEEP  81 423857036 MOULE DESIGN PROTOTYPE (MDP) (DAMPIERRE, tranche 12)
KEEP  82 303120992 PPG GUADELOUPE (LES ABYMES, tranche 12)
KEEP  83 401139456 NUANCE (DOMARIN, tranche 12)
KEEP  84 333121309 JASAWANT WDL (LE MOULE, tranche 12)
KEEP  85 418392387 GROUPE WDL (LE MOULE, tranche 12)
KEEP  86 492226691 GESTAG (LE MOULE, tranche 12)
KEEP  87 477856561 RAPID DISTRIBUTION (MORNE A L'EAU, tranche 12)
KEEP  88 498235316 RHUM DAMOISEAU (LE MOULE, tranche 12)
KEEP  89 752732495 J.A.S. DECOUPE (J.A.S. DECOUPE) (SEVREMOINE, tranche 11)
KEEP  90 499214195 SUD DECOUPE INDUSTRIE (ONET-LE-CHATEAU, tranche 11)
KEEP  91 353796436 ADEMS DECOUP OXY (CHAPONNAY, tranche 11)
KEEP  92 489901785 MB DECOUPE (NEUVILLE-AU-CORNET, tranche 11)
KEEP  93 445055478 PRO-DECOUPE (BAUD, tranche 11)
KEEP  94 511893414 DECOUPE H2O (DECOUPE H2O) (DH2O) (BROGNARD, tranche 11)
KEEP  95 439237017 ARMA DECOUP (CHAMPTOCE-SUR-LOIRE, tranche 11)
--- progress: 550 interroges, 458 retenus ---
KEEP  96 820764538 DECOUPE LASER (CARROS, tranche 11)
KEEP  97 450797626 ALSACE DECOUPE (SCHWEIGHOUSE-SUR-MOD, tranche 11)
KEEP  98 605520493 SA DECO DECOUP (CLUSES, tranche 11)
KEEP  99 450545900 AAZ DECOUPE (RIS-ORANGIS, tranche 11)
KEEP 100 789650306 HP DECOUPE (LA HAGUE, tranche 11)
KEEP 101 818280414 DECOUPE LASER PLIAGE DE L'OUEST (SAINT-NAZAIRE, tranche 11)
KEEP 102 394798136 DECOUPE INDUSTRIELLE DE PANNEAUX (DIP) (ISSOIRE, tranche 11)
KEEP 103 851105338 SAS M.S DECOUPE (MS DECOUPE CARNESIEN) (IS-SUR-TILLE, tranche 11)
KEEP 104 498789726 MG DECOUPE LASER (NIVOLAS-VERMELLE, tranche 11)
KEEP 105 523431872 VENDEE DECOUPE LASER (VENDEE DECOUPE LASER) (POUZAUGES, tranche 11)
KEEP 106 402781959 REALISATION DECOUPE SOUDURE (R.D.S) (VERNOUILLET, tranche 11)
KEEP 107 842101008 MILLET DECOUPE VIANDES (TARASCON, tranche 11)
KEEP 108 428632251 ERO DECOUPE INDUSTRIE (VERNEUIL L'ETANG, tranche 11)
KEEP 109 533652855 ATELIER DE DECOUPE DE CAMARES (CAMARES, tranche 11)
KEEP 110 487982860 SOC DE DECOUP ET TRANSF DE VIANDES (LE LAMENTIN, tranche 11)
KEEP 111 442605226 ATELIER DECOUPE CHAUDRONNERIE LITTORAL (DUNKERQUE, tranche 11)
KEEP 112 514027861 DECOUPE JET D'EAU DIMOBOX (OZAN, tranche 11)
KEEP 113 390453017 DLS - DECOUPE LASER SERVICES (LA RAVOIRE, tranche 11)
KEEP 114 350894473 DECOUPES ET VENTES D ACIERS INOXYDABLES (DVAI (TOURNAN-EN-BRIE, tranche 11)
KEEP 115 853329134 SEM ABATTAGE & DECOUPE (SEMAD) DE LA JEUNE LO (YSSINGEAUX, tranche 11)
KEEP 116 377957493 SOCIETE CHARCUTERIE SAN LORENZO (SAN-LORENZO, tranche 11)
KEEP 117 851189100 LDS PRESTATIONS (LOIRE DECOUPE DESOSSE) (CHOLET, tranche 11)
KEEP 118 821073368 CMD (CHAUDRONNERIE METALLERIE DECOUPE) (SAINT-CERE, tranche 11)
--- progress: 575 interroges, 481 retenus ---
KEEP 119 449867050 VIANDES OCCITANES (MONTAUBAN, tranche 11)
KEEP 120 382469872 GUYOT DECOUP (BEAUFORT-ORBAGNA, tranche 12)
KEEP 121 817488349 DECOUPE LUX (BRULON, tranche 12)
KEEP 122 884537937 AP DECOUPE (ALGRANGE, tranche 12)
KEEP 123 484067020 PROVENCE DECOUPE (FOS-SUR-MER, tranche 12)
KEEP 124 838677789 NISMA DECOUPE (ESSARTS-EN-BOCAGE, tranche 12)
KEEP 125 879857308 FMX DECOUPE (FMX DECOUPE) (MESLIERES, tranche 12)
KEEP 126 822829990 D.V.P. DECOUPE VIANDES PRODUCTEUR (LA FERRIERE, tranche 12)
KEEP 127 340913524 LA DECOUPE LASER DROUAISE (DLD) (DREUX, tranche 12)
KEEP 128 507518298 ABATTOIR ET DECOUPES DES TUILERIES (BEAUVAIS-SUR-TESCOU, tranche 12)
KEEP 129 411175029 LORRAINE DECOUPE ACIERS (LDA) (SENONES, tranche 12)
KEEP 130 433698123 OUEST DECOUPE SOUDURE   ODS (CHEFFOIS, tranche 12)
KEEP 131 444794283 KLEIN DECOUPE SERVICE - K.D.S. S.A.S. (K.D.S) (JONAGE, tranche 12)
KEEP 132 310880489 SOCIETE D'ETUDES ET REALISATION D'OUTILS A DE (PIREY, tranche 12)
KEEP 133 404048704 ABAG (ABATTOIRS DE GRENOBLE) (ABAG) (ABAG) (FONTANIL-CORNILLON, tranche 12)
KEEP 134 393492269 LGP PACKAGING (CEDI-CARTONNERIE-EMBALLAGE-DEC (BRETEUIL, tranche 12)
KEEP 135 309246247 DPMI (DECOUPE PLIAGE MECANO SOUDURE INDUSTRIE (MARBOZ, tranche 12)
KEEP 136 799978093 GUEGAN CHAUDRONNERIE (RENNES, tranche 11)
KEEP 137 488183138 CHAUDRONNERIE SERVICES (FEIGNIES, tranche 11)
KEEP 138 443661681 CHAUDRONNERIE MARMONIER (NIVOLAS-VERMELLE, tranche 11)
KEEP 139 403946825 SOCIETE INDUSTRIELLE DE CHAUDRONNERIE (SIC) (PONT-SAINTE-MARIE, tranche 11)
KEEP 140 883933863 CHAUDRONNERIE BRILLA GILLES (CHAUDRONNERIE BR (MONTMIRAL, tranche 11)
KEEP 141 440357275 ATELIER DE CHAUDRONNERIE DE SASSENAGE (ACS) (CHAMPAGNIER, tranche 11)
KEEP 142 398472449 CHAUDRONNERIE INDUSTRIELLE VANNETAISE (VANNES, tranche 11)
--- progress: 600 interroges, 505 retenus ---
KEEP 143 381781087 CHAUDRONNERIE DU BASSIN (CDB) (BOISSE-PENCHOT, tranche 11)
KEEP 144 348425232 BEAUCOURT CHAUDRONNERIE (BILLY-BERCLAU, tranche 11)
KEEP 145 330328303 CHAUDRONNERIE AUBERT (LE CHAMBON-FEUGEROLL, tranche 11)
KEEP 146 432205805 CHAUDRONNERIE COLINET (MONTAMISE, tranche 11)
KEEP 147 407555663 CHAUDRONNERIE DE LA PLAINE SA (PADOUX, tranche 11)
KEEP 148 518380217 CHAUDRONNERIE DU GOL (SAINT-LOUIS, tranche 11)
KEEP 149 792176117 LA CHAUDRONNERIE VIERZONNAISE (L.A.C.V.) (VIERZON, tranche 11)
KEEP 150 790675409 LA CHAUDRONNERIE ALLAMAN (VOIRON, tranche 11)
KEEP 151 829071307 GRISA CHAUDRONNERIE (VOREPPE, tranche 11)
KEEP 152 329593420 CHAUDRONNERIE DE L ISERE (SASSENAGE, tranche 11)
KEEP 153 311273874 CHAUDRONNERIE BAULOISE SA (BAULE, tranche 11)
KEEP 154 418860383 CHAUDRONNERIE KOKOL (KILSTETT, tranche 11)
KEEP 155 381700434 MOTHAISE DE CHAUDRONNERIE (LES ACHARDS, tranche 11)
KEEP 156 434143814 CHAUDRONNERIE VILLETTE (MONTEBOURG, tranche 11)
KEEP 157 400062055 L.I.H.D. CHAUDRONNERIE (L.I.H.D. CHAUDRONNERI (SAINT-SAUVEUR, tranche 11)
KEEP 158 335233573 CHAUDRONNERIE DU CORDEAU (CHASSELAY, tranche 11)
KEEP 159 971501408 CHAUDRONNERIE VEYRET (SAINT-LAURENT-DE-MUR, tranche 11)
KEEP 160 838947612 CHAUDRONNERIE DE L'ANGOUMOIS (LA COURONNE, tranche 11)
KEEP 161 790610430 SMC CHAUDRONNERIE (SMC CHAUDRONNERIE) (GRATOT, tranche 11)
KEEP 162 838199511 ETABLISSEMENT DE CHAUDRONNERIE ET DE TUYAUTER (ABREST, tranche 11)
KEEP 163 440837417 CHAUDRONNERIE GUY MARIE (VERSON, tranche 11)
KEEP 164 409555281 ATELIER DE CHAUDRONNERIE INDUSTRIELLE (INGRANDES-LE-FRESNE-, tranche 11)
KEEP 165 409779451 ATELIER CREUSOIS DE CHAUDRONNERIE (A2C) (GUERET, tranche 11)
KEEP 166 381334952 CHAUDRONNERIE SERRURERIE INDUSTRIELLE (CSI) (JOUY-LE-MOUTIER, tranche 11)
KEEP 167 320927098 CHAUDRONNERIE INDUSTRIELLE DU PERCHE (CIP) (LA BAZOCHE-GOUET, tranche 11)
--- progress: 625 interroges, 530 retenus ---
KEEP 168 332276468 CHAUDRONNERIE METALLERIE SALIGNOISE (C M S) (SALIGNY-SUR-ROUDON, tranche 11)
KEEP 169 422068338 CALMEY CHAUDRONNERIE SERRURERIE (RACHES, tranche 11)
KEEP 170 420863458 MECANIQUE ET CHAUDRONNERIE DE BOURGOGNE (MCB) (MALAY-LE-GRAND, tranche 11)
KEEP 171 430161497 CREATION IND.TUYAUTERIE CHAUDRONNERIE (C I T  (RENNES, tranche 11)
KEEP 172 389244047 CHAUDRONNERIE INDUSTRIELLE DE LA SEINE (CIS) (BOUAFLES, tranche 11)
KEEP 173 390868610 CHAUDRONNERIE MECANIQUE ARIEGEOISE (CMA) (LAVELANET, tranche 11)
KEEP 174 481171601 CHAUDRONNERIE TUYAUTERIE RUCK (CTR) (HERRLISHEIM, tranche 11)
KEEP 175 525337986 TREUILS ET CHAUDRONNERIE MAYENNAIS (GROUPE SA (MAYENNE, tranche 11)
KEEP 176 525041729 CHAUDRONNERIE TUYAUTERIE MONTAGE (C.T.M.) (MARTIGUES, tranche 11)
KEEP 177 788157600 CHAUDRONNERIE FINE DE LA LOIRE (CFL) (SAINT-ETIENNE, tranche 11)
KEEP 178 349264846 CHAUDRONNERIE TUYAUTERIE DU LOIRET (TRIAMETAL (ESTOUY, tranche 11)
KEEP 179 518227327 CHAUDRONNERIE INDUSTRIELLE NOGENTAISE (CHAUDR (VAL-DE-MEUSE, tranche 11)
KEEP 180 384539904 ETUDES CONCEPTIONS CHAUDRONNERIE (LA CHAPELLE-LA-REINE, tranche 11)
KEEP 181 350861621 CHAUDRONNERIE MAINTENANCE INDUSTRIELLE (CMI) (LOUIN, tranche 11)
KEEP 182 322149899 TUYAUTERIE CHAUDRONNERIE CHAMPENOISE (ART'CRA (SAINT-MARTIN-SUR-LE-, tranche 11)
KEEP 183 402064166 METALLERIE CHAUDRONNERIE SERVICES (MCS) (SAINT-AVERTIN, tranche 11)
KEEP 184 334820776 MECANIQUE CHAUDRONNERIE SERRURERIE (MCS) (MAYENNE, tranche 11)
KEEP 185 393810650 MARNAISE CHAUDRONNERIE TUYAUTERIE (MCT) (OIRY, tranche 11)
KEEP 186 752438234 CHAUDRONNERIE DEBOC MAINTENANCE (BRETEUIL, tranche 11)
KEEP 187 790213771 LES PROFESSIONNELS DE LA CHAUDRONNERIE INDUST (CORBAS, tranche 11)
KEEP 188 800135568 CHAUDRONNERIE - SERRURERIE - INDUSTRIELLE (LA ROCHELLE, tranche 11)
KEEP 189 813134681 ARMORICAINE DE TUYAUTERIE ET DE CHAUDRONNERIE (TREGUEUX, tranche 11)
KEEP 190 801589110 ATELIER CHAUDRONNERIE NORMAND (ACN) (GADENCOURT, tranche 11)
KEEP 191 789216181 TS2C (TUYAUTERIE SOUDURE CHAUDRONNERIE ET CRE (PLOUGASTEL-DAOULAS, tranche 11)
--- progress: 650 interroges, 554 retenus ---
KEEP 192 922075148 SOCIETE DE TUYAUTERIE ET CHAUDRONNERIE PLASTI (LABARTHE-SUR-LEZE, tranche 11)
KEEP 193 487852121 ATELIER DE CHAUDRONNERIE ET TRAVAUX INOX (A.C (SAINT-DERRIEN, tranche 11)
KEEP 194 794521559 SOCIETE TUYAUTERIE CHAUDRONNERIE CHARPENTE (S (L'ETANG-SALE, tranche 11)
KEEP 195 324536952 SOCIETE NOUVELLE D'ENTRETIEN ET DE CHAUDRONNE (LE HAVRE, tranche 11)
KEEP 196 449349380 CHAUDRONNERIE CHARPENTE TUYAUTERIE PYREN (CCT (VARILHES, tranche 11)
KEEP 197 821600863 OUVRAGES DE CHAUDRONNERIE ET MAINTENANCE INDU (QUEVERT, tranche 11)
KEEP 198 567250048 CHAUDRONNERIE INDUSTR VALLEE DU MESVRIN (CIVM (SAINT-SERNIN-DU-BOIS, tranche 11)
KEEP 199 431853183 SOCIETE ORNAISE DE CHAUDRONNERIE CARROSSERIE  (COULMER, tranche 11)
KEEP 200 419278262 SOUDURE TUYAUTERIE INDUSTRIELLE CHAUDRONNERIE (CHAUMOUSEY, tranche 11)
KEEP 201 423633114 ENTREPRISE DE CHAUDRONNERIE ET METTALERIE IND (MONTAIGU-VENDEE, tranche 11)
KEEP 202 341820470 ENTRETIEN CHAUDRONNERIE TUYAUTERIE INDUSTRIEL (LIMAS, tranche 11)
KEEP 203 383775251 CHAUDRONNERIE AGRICOL REPAR INDUSTRIELLE (CAR (SORGUES, tranche 11)
KEEP 204 509053674 STE TUYAUTERIE CHAUDRONNERIE INDUSTRIELLE (RIVIERE-SALEE, tranche 11)
KEEP 205 440333300 SARL CHAUDRONNERIE INDUSTRIELLE POLLET (BAILLEUL, tranche 11)
KEEP 206 921632659 SOCIETE DE MECANIQUE ET CHAUDRONNERIE DE L'AR (CHOCQUES, tranche 11)
KEEP 207 843920406 TMC - TUYAUTERIE METALLERIE CHAUDRONNERIE (TM (ETAMPES, tranche 11)
KEEP 208 500772637 CHAUDRONNERIE SOUDURE DENIS LAURENT (C.S.D.L. (SOUDAN, tranche 11)
KEEP 209 341752863 CHAUDRONNERIE INDUSTRIE CONDIT DE L AIR (CIC  (LIMOGES, tranche 11)
KEEP 210 353108335 CHAUDRONNERIE TUYAUTERIE PROTECT INCENDI (CTP (VILLE-SOUS-ANJOU, tranche 11)
KEEP 211 478588734 EST TUYAUTERIE ET CHAUDRONNERIE INDUSTRIELLE  (HŒRDT, tranche 11)
KEEP 212 399187129 SOUDURE CHAUDRONNERIE CHRISTOPHE GAGNON (SCCG (SAINT-JULIEN-LES-VIL, tranche 11)
KEEP 213 404333148 CORNOUAILLE CHAUDRONNERIE MECANO SOUDURE (CCM (SAINT-EVARZEC, tranche 11)
KEEP 214 408058238 CHAUDRONNERIE SERRURERIE TUYAUTERIE EURE (CST (SAINT-PIERRE-LA-GARE, tranche 11)
KEEP 215 337621023 MECANIQUE GENERALE CHAUDRONNERIE ARTOIS (MGCA (DIVION, tranche 11)
--- progress: 675 interroges, 578 retenus ---
KEEP 216 840984488 SARL CHAUDRONNERIE METALLERIE REUNION (C.M.R. (SAINT-PAUL, tranche 11)
KEEP 217 378698450 ANDRIEUX BONNET CHAUDRONNERIE INDUSTRIEL (ABC (SAINT-BRICE-SUR-VIEN, tranche 11)
KEEP 218 490531985 SOCIETE DE CHAUDRONNERIE ET DE TUYAUTERIE IND (ST JEAN AUX BOIS, tranche 11)
KEEP 219 381344621 CHAUDRONNERIE TUYAUTERIE MAINTENANCE INDUSTRI (TERSSAC, tranche 11)
KEEP 220 350979282 SOCIETE DE MONTAGE-TUYAUTERIE-CHAUDRONNERIE E (SIDEVILLE, tranche 11)
KEEP 221 353966971 CHAUDRONNERIE INDUSTRIELLE MECANO SOUDURE DE  (SAINT-SIMEON-DE-BRES, tranche 11)
KEEP 222 507526705 SOCIETE D'ETUDES DE TUYAUTERIE INDUSTRIELLE E (SORGUES, tranche 11)
KEEP 223 507566446 CHAUDRONNERIE TECHNIQUE VAL DE SAONE - CTVS ( (TREVOUX, tranche 11)
KEEP 224 511536740 MCTI MAINTENANCE CHAUDRONNERIE TUYAUTERIE IND (LE PORTEL, tranche 11)
KEEP 225 492075304 ENTREPRISE DE CHAUDRONNERIE INDUSTRIELLE LABO (SAINT-LAURENT-DES-HO, tranche 11)
KEEP 226 519819643 SICA SOCIETE INDUSTRIELLE DE CHAUDRONNERIE AU (LEMPDES-SUR-ALLAGNON, tranche 11)
KEEP 227 501459754 ATELIER CHAUDRONNERIE SERRURERIE MAINTENANCE  (TONNEINS, tranche 11)
KEEP 228 418518700 CHAUDRONNERIE TUYAUTERIE SOUDURE INDUSTRIELLE (RIVAS, tranche 11)
KEEP 229 300109485 ENTREPRISE BRETONNE DE TUYAUTERIE ET CHAUDRON (GOVEN, tranche 11)
KEEP 230 511073512 E.S.T.C ENTREPRISE SOUDURE TUYAUTERIE CHAUDRO (MARSEILLE 15, tranche 11)
KEEP 231 333085843 SARL METALLERIE MENUISERIE ACIER CHAUDRONNERI (HONFLEUR, tranche 11)
KEEP 232 797852910 A.C.T.E.M. INDUSTRIE (ALSACE-CHAUDRONNERIE-TU (WEYERSHEIM, tranche 11)
KEEP 233 430015826 SNEM SAS (SNEM) (SNEM) (SEINGBOUSE, tranche 11)
KEEP 234 883450066 NSN R.A.C. (RHONE ALPES CHAUDRONNERIE) (HEYRIEUX, tranche 11)
KEEP 235 907990220 CUVERIE COGNACAISE (CHAUDRONNERIE COGNACAISE) (MERPINS, tranche 11)
KEEP 236 633650627 PLASTIMUL (GISORS, tranche 11)
KEEP 237 840437180 DEBOFFLES (TUYAUTERIE - CHAUDRONNERIE - SERRU (CHAUNY, tranche 11)
KEEP 238 317854198 RAVANAT CHAUDRONNERIE (SAINT-JEAN-DE-MOIRAN, tranche 12)
--- progress: 700 interroges, 601 retenus ---
KEEP 239 528026156 STMC CHAUDRONNERIE (SAINT-LOUIS, tranche 12)
KEEP 240 319448262 CHAUDRONNERIE REGIONALE DE LA BRIE (CRB) (LA CHAPELLE-LA-REINE, tranche 12)
KEEP 241 337828602 METAL TUYAUTERIE INDUSTRIEL CHAUDRONNERI (MET (CHALON-SUR-SAONE, tranche 12)
KEEP 242 421264037 4 J CHAUDRONNERIE (SAINTE-BLANDINE, tranche 12)
KEEP 243 492406772 S.T.B.E CHAUDRONNERIE (RUITZ, tranche 12)
KEEP 244 530044684 CHAUDRONNERIE AGNP (NASSANDRES SUR RISLE, tranche 12)
KEEP 245 382446201 CHAUDRONNERIE DU RIED (SAASENHEIM, tranche 12)
KEEP 246 341089068 PCVS CHAUDRONNERIE (CHANAS, tranche 12)
KEEP 247 301273678 CHAUDRONNERIE LOUCHET (CAMBLIGNEUL, tranche 12)
KEEP 248 448396234 CHAUDRONNERIE COGNACAISE (MERPINS, tranche 12)
KEEP 249 409458916 CHAUDRONNERIE DE LA RHUNE (TARNOS, tranche 12)
KEEP 250 380046862 CHAUDRONNERIE LESPINASSE (HIERSAC, tranche 12)
KEEP 251 557020062 CHAUDRONNERIE LESCAUT SA (BERGERAC, tranche 12)
KEEP 252 353932338 MECANIQUE ET CHAUDRONNERIE DE L'AISNE-MCA (BOULLEVILLE, tranche 12)
KEEP 253 394526503 CHAUDRONNERIE SERVICE SOCIETE D'EXPLOITATION (YVRAC, tranche 12)
KEEP 254 451891584 CHAUDRONNERIE INDUST MAINTENANCE ETUDES (CIME (SAINT SAULVE, tranche 12)
KEEP 255 331203968 SOCIETE DE MONTAGE EN CHAUDRONNERIE ET TUYAUT (SAINT-NAZAIRE, tranche 12)
KEEP 256 501525992 MECANIQUE CHAUDRONNERIE SERVICE (MCS) (DONVILLE-LES-BAINS, tranche 12)
KEEP 257 379532369 STE GIENNOISE DE CHAUDRONNERIE (SGC) (GIEN, tranche 12)
KEEP 258 348590399 CHAUDRONNERIE SERRURERIE MONTELIMARD (C.S.M.) (TENCE, tranche 12)
KEEP 259 309084390 STE INDUS.TUYAUTERIE CHAUDRONNERIE (SITC) (SI (MOURENX, tranche 12)
KEEP 260 539176768 CADIOU CHAUDRONNERIE PLASTIQUE (GUENGAT, tranche 12)
KEEP 261 330221029 TUYAUTERIE CHAUDRONNERIE MACONNAISE (TCM) (MACON, tranche 12)
KEEP 262 338543416 ATELIERS CHAUDRONNERIE CANTAL (ACC) (SANSAC-DE-MARMIESSE, tranche 12)
KEEP 263 843168360 FERRONNERIE CHAUDRONNERIE ENTRETIEN (F.C.E.) (LES PENNES-MIRABEAU, tranche 12)
--- progress: 725 interroges, 626 retenus ---
KEEP 264 394604334 REALISATION CHAUDRONNERIE CHARPENTE (R2C) (DAMIGNY, tranche 12)
KEEP 265 328367891 MECANIQUE CHAUDRONNERIE HYDRAULIQUE (MCH) (MARPENT, tranche 12)
KEEP 266 321408932 COMPAGNIE FRANCAISE DE CHAUDRONNERIE (CFC) (BLENDECQUES, tranche 12)
KEEP 267 351845128 CHAUDRONNERIE ALBANAISE - GRANGER (BLOCALPS) (ENTRELACS, tranche 12)
KEEP 268 378103709 CHAUDRONNERIE TUYAUTERIE LAUNAY (CTL) (SURGERES, tranche 12)
KEEP 269 442669529 ATELIER CHAUDRONNERIE LASER (ACL23) (FROMENTAL, tranche 12)
KEEP 270 399789098 TUYAUTERIE CHAUDRONNERIE D'AUJOURD'HUI (TCA) (SAINT VIGOR D'YMONVI, tranche 12)
KEEP 271 790551519 METALLURGIE CHAUDRONNERIE TUYAUTERIE (M.C.T) (SOISSONS, tranche 12)
KEEP 272 843870064 CONCEPTION CHAUDRONNERIE MECANIQUE TECHNOLOGI (CORAY, tranche 12)
KEEP 273 428679724 CHAUDRONNERIE INDUSTR CHAMP ARDENNE (CICA) (MUIZON, tranche 12)
KEEP 274 903091676 SCM SOUDURE CHAUDRONNERIE MAINTENANCE (DESCARTES, tranche 12)
KEEP 275 503441594 ALLIANCE CHAUDRONNERIE TUYAUTERIE INDUSTRIE ( (VILLENEUVE-D'OLMES, tranche 12)
KEEP 276 519127419 MIGNON CHAUDRONNERIE ET TECHNOLOGIE INDUSTRIE (HENNEBONT, tranche 12)
KEEP 277 312573850 SERRURERIE CHAUDRONNERIE BOUFFIER-HEURTAUT (S (FRENEUSE, tranche 12)
KEEP 278 303828883 ATELIER MECANIQUE CHAUDRONNERIE SERRURER (AMC (SAINTE AGATHE D'ALIE, tranche 12)
KEEP 279 808029359 REALISATION CHAUDRONNERIE ET TUYAUTERIE POUR  (CANEJAN, tranche 12)
KEEP 280 338407182 CHAUDRONNERIE TUYAUTERIE MECANO SOUDURE (CTMS (AVESNES-SUR-HELPE, tranche 12)
KEEP 281 410185623 CHAUDRONNERIE MAINTENANCE MECANIQUE INDUSTRIE (INGRANDES, tranche 12)
KEEP 282 504919200 T.M.C.I. TUYAUTERIE  MECANO SOUDURE CHAUDRONN (MONTOIR-DE-BRETAGNE, tranche 12)
KEEP 283 493934624 SARL SOCIETE TRAVAUX CHAUDRONNERIE INDUSTRIEL (LE PORT, tranche 12)
KEEP 284 518104369 CONSTRUCTIONS METALLIQUES ET CHAUDRONNERIE YO (POIRE SUR VIE (LE), tranche 12)
KEEP 285 453528481 SAS 2STC SOCIETE DE TUYAUTERIE SPRINKLER ET C (CHARLEVAL, tranche 12)
KEEP 286 318772324 FICAP (BRAY-SUR-SEINE, tranche 12)
KEEP 287 380295337 CMN INDUSTRIE (MIRIBEL, tranche 12)
KEEP 288 538985714 ACTIOMS (ACTIOMS) (SAINT-MARCEL, tranche 12)
--- progress: 750 interroges, 651 retenus ---
=== PHASE 1 done: 750 interroges, 651 retenus ===
