  #96 contact@r2c-aura.fr -> user_unknown
  #107 contact@amp.fr -> user_unknown
  #111 contact@bureau-vallee.fr -> user_unknown
  #113 contact@decolletage-elbe.fr -> user_unknown
  #116 contact@fonderies-de-nangis.fr -> user_unknown
  #267 contact@deliotec.fr -> user_unknown
  #339 info@cabinetvision.fr -> user_unknown
  #340 info@dema-france.com -> mx_injoignable
  #341 contact@dpsa-securite.fr -> ok
  #342 bonjour@dsdrenov.com -> ok
  #343 contact@ecovantaro.com -> MX MANQUANT (domaine mort)
  #344 contact@effy.fr -> ok
  #345 logistique@eltf.fr -> mx_injoignable
  #346 contact@entoutesecurite.fr -> ok
  #347 serviceclient@esg1securite.fr -> MX MANQUANT (domaine mort)
  #349 votre@expert-comptable-en-ligne.fr -> ok
  #350 contact@fermetalu.com -> user_unknown
  #352 contact@aopb.fr -> ok
  #354 contact@estusinage.fr -> ok
  #357 arnaud.kaizer@behm.fr -> user_unknown
  #358 contact@corbel-jannin.fr -> greylist
  #359 contact@cvim.fr -> user_unknown
  #360 contact@figitalexpertise.fr -> user_unknown
  #361 contact@fizexpert.fr -> mx_injoignable
  #362 sales@forgeavia.fr -> greylist
  #363 halandforhj@shprecisionshaft.com -> ok
  #364 contact@fraisepers.fr -> mx_injoignable
  #365 contact@france-c.fr -> user_unknown
  #366 commercial@francemetal.fr -> refuse_421
  #367 contact@fry-etudes.fr -> greylist
  #369 celine@garage-gauyat.fr -> greylist
  #370 l.leon@garagedestroismonts.fr -> user_unknown
  #371 contact@garagelibert.fr -> user_unknown
  #372 contact@garagepasteur.com -> greylist
  #373 contact@gardiennageparis.fr -> mx_injoignable
  #374 accueil@gelygroup.fr -> user_unknown
  #375 contact@geobiomics.fr -> user_unknown
  #376 support.commercial@geofoncier.fr -> user_unknown
  #377 sevran@geometre-cdb.com -> user_unknown
  #378 contact@geometre-paris.fr -> greylist
  #379 contact@geometre.fr -> greylist
  #380 calais@geometre.net -> user_unknown
  #381 contact@georgeault.fr -> user_unknown
  #383 ghp-pdc@ghp.fr -> user_unknown
  #384 brest@giffardmanutention.fr -> user_unknown
  #386 mateo.adam@glory-injectionplastique.fr -> ok
  #387 atelier@gmetallier.fr -> greylist
  #388 info@gmi-robinetterie.com -> user_unknown
  #389 contact@gmld.fr -> refuse_554
  #390 digital@groupe-ecomedia.com -> user_unknown
  #391 contact@groupe-pfister.com -> user_unknown
  #392 sales@groupe-rouger.com -> user_unknown
  #393 marketing@groupe-thermi-lyon.com -> user_unknown
  #394 info@groupe-tma.com -> ok
  #395 webmarketing@groupeidec.com -> ok
  #397 contact@guardianfrance.fr -> ok
  #399 contact@guillaumie.com -> greylist
  #400 informatique-et-libertes@guy-hoquet.com -> user_unknown
  #401 hts@hacer.fr -> user_unknown
  #402 contact@hannecard.com -> user_unknown
  #403 contact@hashtagavocats.com -> ok
  #404 contact@hatty-vonnas.fr -> user_unknown
  #405 contact@helixexpertise.com -> user_unknown
  #406 contact@herouard.com -> user_unknown
  #407 contact@hfmetal.fr -> mx_injoignable
  #410 contact@hosmoz.fr -> user_unknown
  #411 info@hybster.com -> user_unknown
  #412 solutions@hydralogie.com -> ok
  #413 commercial@hynecofrance.com -> user_unknown
  #414 contact@89art.fr -> ok
  #415 sales@actor.fr -> user_unknown
  #416 hugo.pech@bethpc.fr -> user_unknown
  #417 bordeaux@elige-avocats.com -> user_unknown
  #418 contact@ifd-outillage.fr -> ok
  #419 communication@inextenso.fr -> user_unknown
  #420 contact@ira.eu -> ok
  #421 contact@iria-avocat.fr -> greylist
  #422 contact@irt-m2p.fr -> user_unknown
  #424 enlever-majusculescontact@item-conseil.fr -> user_unknown
  #425 cii56@ito-calorifuge.com -> user_unknown
  #426 contact@jaberson-avocats.com -> ok
  #427 contact@jacnet.fr -> user_unknown
  #428 contact@jcp-pmdp.fr -> user_unknown
  #430 rgpd@junot.fr -> user_unknown
  #431 contact@justifit.fr -> ok
  #432 info@kaecia.fr -> user_unknown
  #433 contact@kapeci-acier.fr -> ok
  #434 contact@khadiri.com -> ok
  #435 contact@klingroupe.fr -> ok
  #436 hello@l-expert-comptable.com -> user_unknown
  #437 contact@labaliseavocat.fr -> user_unknown
  #439 donneespersonnelles@laforet.com -> ok
  #452 lasersocmel@lasersocmel.com -> ok
  #453 devis@latelierdulaser.fr -> user_unknown
  #454 pnom@latribune.fr -> user_unknown
  #455 redaction@lejournaltoulousain.fr -> greylist
  #458 contact@les-toliers.fr -> ok
  #459 info@levagemanutention.com -> user_unknown
  #465 contact@lm-platrerie.fr -> ok
  #466 contact@lmd-calorifuge.fr -> user_unknown
  #467 info@lne.fr -> mail_from_refuse
  #469 info@lomatrans.com -> greylist
  #470 contact@lopes-electricite-plomberie.fr -> refuse_554
  #471 contact@lor-alu.fr -> mx_injoignable
  #472 contact@lpo-france.com -> ok
  #473 contact@lsz-avocat.fr -> user_unknown
  #474 contact@maas-bt.com -> ok
  #475 accueil@macmahon-avocats.fr -> user_unknown
  #476 info@madeinfr.fr -> ok
  #477 contact@maintenance-industrielle-lyon.fr -> mx_injoignable
  #478 contact@maison-etanche.com -> refuse_554
  #480 ximun.darritchon@manustock.fr -> ok
  #481 contact@arno-sas.fr -> user_unknown
  #482 contact@marleva.net -> mail_from_refuse
  #483 welcome@masson-agencement.com -> user_unknown
  #484 contact@materiel-levage.com -> greylist
  #485 mathis@mathis-carrosserie.com -> greylist
  #486 contact@mdi-france.fr -> greylist
  #487 contact@me-platrerie.fr -> ok
  #488 contact@meca-mic.com -> user_unknown
  #489 business@mecanique-g.com -> ok
  #490 contact@mecanique-m2p.fr -> greylist
  #491 contact@med-metal.com -> user_unknown
  #492 info@meiko-global.com -> ok
  #493 contact@meirs.fr -> greylist
  #494 contact@mendes-mecaniquegenerale.com -> greylist
  #495 contact@menuiserie-ag.fr -> greylist
  #496 contact@menuiserie-levieux.com -> user_unknown
  #497 contact@menuiserie-second.fr -> ok
  #498 contact@menuiserieag.com -> mx_injoignable
  #499 contact@metal-inox.fr -> user_unknown
  #500 oxy@metal-laser.com -> user_unknown
  #501 contact@metal2000.fr -> ok
  #502 contact@metalium-industrie.fr -> greylist
  #504 contact@dominguescouverture.fr -> ok
TOTAL: 379 verifiees | ok: 165 | mortes: 155 | a retester: 59
