  [1/57] #118 entreprise usinage plastique g -> pas de dirigeant verifie
  [2/57] #129 centre national de ressources  -> pas de dirigeant verifie
  [3/57] #138 uti metallerie                 -> pas de dirigeant verifie
  [4/57] #139 mojon metallerie               -> M. MOJON (MOJON) (Président de SAS)
  [5/57] #140 chaudronnerie bauloise         -> pas de dirigeant verifie
  [6/57] #142 decolletage de precision marig -> M. PARMANTIER (Gérant)
  [7/57] #146 silex corporation              -> M. SAMARUT (SAMARUT) (Gérant)
  [8/57] #149 dis bourasseau                 -> pas de dirigeant verifie
  [9/57] #150 site en construction           -> M. BERTHELOT (Président de SAS)
  [10/57] #167 agencement sur                 -> M. VLIEGHE (VLIEGHE) (Gérant)
  [11/57] #171 sr electricite                 -> M. SOURISSEAU (Gérant)
  [12/57] #172 pierre bercher                 -> pas de dirigeant verifie
  [13/57] #173 specialiste en decoupe, embout -> pas de dirigeant verifie
  [14/57] #178 accueil                        -> pas de dirigeant verifie
  [15/57] #181 traitement de surface : notre  -> pas de dirigeant verifie
  [16/57] #183 accueil                        -> pas de dirigeant verifie
  [17/57] #192 plombier chauffagiste annecy   -> pas de dirigeant verifie
  [18/57] #200 l'atelier                      -> M. BETAILLE (Président de SAS)
  [19/57] #201 le fil jaune                   -> M. GUERIN (Président de SAS)
  [20/57] #203 les artisans pros : reseau d'a -> pas de dirigeant verifie
  [21/57] #205 accueil                        -> pas de dirigeant verifie
  [22/57] #210 tolerie meulan                 -> pas de dirigeant verifie
  [23/57] #218 tcs tolerie                    -> M. GOZZO (Président du directo)
  [24/57] #221 fonderie d&#039;aluminium      -> pas de dirigeant verifie
  [25/57] #227 couvreur zingueur charpentier  -> pas de dirigeant verifie
  [26/57] #236 performance thermique industri -> pas de dirigeant verifie
  [27/57] #239 entreprise d'etancheite hauts  -> pas de dirigeant verifie
  [28/57] #241 fromeca                        -> pas de dirigeant verifie
  [29/57] #244 atim                           -> M. ROEDERER (ROEDERER) (Gérant)
  [30/57] #246 accueil                        -> pas de dirigeant verifie
  [31/57] #262 electronique marine discount : -> pas de dirigeant verifie
  [32/57] #263 accueil                        -> pas de dirigeant verifie
  [33/57] #272 decoupe laser, pliage de metal -> pas de dirigeant verifie
  [34/57] #277 ermat                          -> M. TRASTOUR (Gérant)
  [35/57] #279 etk etancheite, expert en etan -> pas de dirigeant verifie
  [36/57] #280 ets colombie : revendeur d'equ -> pas de dirigeant verifie
  [37/57] #282 electricien a bordeaux         -> M. PATINET (Gérant)
  [38/57] #284 forge et usinage de pieces de  -> pas de dirigeant verifie
  [39/57] #285 la forge de vulcain            -> M. NSIRI (Gérant)
  [40/57] #289 acierprofil                    -> pas de dirigeant verifie
  [41/57] #291 societe decoupe metal lyon, de -> pas de dirigeant verifie
  [42/57] #293 adc, materiel de levage et man -> pas de dirigeant verifie
  [43/57] #295 a forge de fer &#8211; ferronn -> pas de dirigeant verifie
  [44/57] #296 accueil                        -> pas de dirigeant verifie
  [45/57] #304 electricien gignac et herault  -> pas de dirigeant verifie
  [46/57] #308 accueil                        -> pas de dirigeant verifie
  [47/57] #314 bureau d'etudes beton, metal e -> pas de dirigeant verifie
  [48/57] #315 bureau etudes thermiques bet r -> pas de dirigeant verifie
  [49/57] #318 cabinet comptable paris pour s -> pas de dirigeant verifie
  [50/57] #319 cabinet expert comptable en li -> pas de dirigeant verifie
  [51/57] #320 cabinet comptable full service -> pas de dirigeant verifie
  [52/57] #324 votre entreprise d'electricite -> pas de dirigeant verifie
  [53/57] #325 societe securite privee et gar -> M. MOTCHEBONG-DOMBISSI (Gérant)
  [54/57] #328 trouver un transporteur routie -> pas de dirigeant verifie
  [55/57] #329 construction et charpente meta -> M. JOUANNEAU (Président de SAS)
  [56/57] #330 reparation navale et maintenan -> pas de dirigeant verifie
  [57/57] #333 covernit                       -> pas de dirigeant verifie

noms verifies trouves: 15 / 57 cibles
ECRIT: C:\Users\ulamb\Bureau\prospection\github-campagne\campagne_data.json
