[2026-08-22 22:09:02] === RUN LOCAL: campagne ===
[2026-08-22 22:09:13]   C Relance relance1 #58 61 — Fraisage Services (Sainte-Sève, 29) -> fraisage@fraisageservices.fr (via info)
[2026-08-22 22:09:13]   C Restants : 157
[2026-08-22 22:09:13] === RUN LOCAL: partenaires ===
[2026-08-22 22:09:14]   P File partenaires vide : toutes envoyees.
[2026-08-22 22:09:14] === RUN LOCAL termine ===
[2026-08-23 00:09:02] === RUN LOCAL: campagne ===
[2026-08-23 00:09:47]   C Relance relance1 #59 62 — BEGC Bureau d'Etude (Goussainville, -> administration@begc.fr (via commercial)
[2026-08-23 00:09:47]   C Restants : 157
[2026-08-23 00:09:47] === RUN LOCAL: partenaires ===
[2026-08-23 00:09:50]   P RELANCE partenaire #2 2 — AGENCE WEB P24 -> contact@agencewebp24.fr (via hello)
[2026-08-23 00:09:50] === RUN LOCAL termine ===
[2026-08-23 02:09:02] === RUN LOCAL: campagne ===
[2026-08-23 02:09:17]   C Relance relance1 #60 63 — OMEDEC Outillage Découpage (Amancey -> contact@omedec.com (via hello)
[2026-08-23 02:09:17]   C Restants : 157
[2026-08-23 02:09:17] === RUN LOCAL: partenaires ===
[2026-08-23 02:09:17]   P File partenaires vide : toutes envoyees.
[2026-08-23 02:09:17] === RUN LOCAL termine ===
[2026-08-23 04:09:02] === RUN LOCAL: campagne ===
[2026-08-23 04:09:02]   C ERREUR (code 1): ERREUR campagne_zoho: <urlopen error [Errno 11001] getaddrinfo failed>

[2026-08-23 04:09:02] === RUN LOCAL: partenaires ===
[2026-08-23 04:09:02]   P File partenaires vide : toutes envoyees.
[2026-08-23 04:09:02] === RUN LOCAL termine ===
[2026-08-23 16:09:02] === RUN LOCAL: campagne ===
[2026-08-23 16:09:02]   C SEND_LOCK stale (720 min) : reprise.
[2026-08-23 16:09:02]   C ERREUR (code 1): ERREUR campagne_zoho: <urlopen error [Errno 11001] getaddrinfo failed>

[2026-08-23 16:09:02] === RUN LOCAL: partenaires ===
[2026-08-23 16:09:02]   P File partenaires vide : toutes envoyees.
[2026-08-23 16:09:02] === RUN LOCAL termine ===
[2026-08-23 18:09:02] === RUN LOCAL: campagne ===
[2026-08-23 18:09:02]   C ENVOI BLOQUE : un autre processus tourne (SEND_LOCK frais, 120 min).
[2026-08-23 18:09:02] === RUN LOCAL: partenaires ===
[2026-08-23 18:09:03]   P File partenaires vide : toutes envoyees.
[2026-08-23 18:09:03] === RUN LOCAL termine ===
[2026-08-24 18:09:02] === RUN LOCAL: campagne ===
[2026-08-24 18:09:16]   C SEND_LOCK stale (1560 min) : reprise.
[2026-08-24 18:09:16]   C Relance relance1 #61 64 — Nord Fraisage (Sainte-Sève, 29) -> contact@nordfraisage.fr (via commercial)
[2026-08-24 18:09:16]   C Restants : 157
[2026-08-24 18:09:16] === RUN LOCAL: partenaires ===
[2026-08-24 18:09:18]   P RELANCE partenaire #3 3 — ZEFYX -> contact@zefyx.fr (via commercial)
[2026-08-24 18:09:18] === RUN LOCAL termine ===
[2026-08-24 20:09:02] === RUN LOCAL: campagne ===
[2026-08-24 20:09:02]   C Restants : 157
[2026-08-24 20:09:02]   C BLOQUES (domaines a risque, non envoyes) : 1
[2026-08-24 20:09:02]   C    [BLOQUE] relance relance1 #62 65 — Edelweiss Décolletage (Ma (edelweiss.decolletage@orange.fr bloque)
[2026-08-24 20:09:02] === RUN LOCAL: partenaires ===
[2026-08-24 20:09:06]   P RELANCE partenaire #4 4 — ANFCI (Agence Nationale Française en -> contact@anfci.fr (via hello)
[2026-08-24 20:09:06] === RUN LOCAL termine ===
[2026-08-24 22:09:02] === RUN LOCAL: campagne ===
[2026-08-24 22:09:14]   C Relance relance1 #64 67 — CAPEST (Caoutchouc Manuf et Plastiq -> capest.industrie@capest.fr (via hello)
[2026-08-24 22:09:14]   C Restants : 157
[2026-08-24 22:09:14] === RUN LOCAL: partenaires ===
[2026-08-24 22:09:14]   P File partenaires vide : toutes envoyees.
[2026-08-24 22:09:14] === RUN LOCAL termine ===
[2026-08-25 00:09:02] === RUN LOCAL: campagne ===
[2026-08-25 00:09:13]   C Relance relance1 #65 68 — AMP - Ateliers Mecaniques de Precis -> contact@amp-france.fr (via commercial)
[2026-08-25 00:09:13]   C Restants : 157
[2026-08-25 00:09:13] === RUN LOCAL: partenaires ===
[2026-08-25 00:09:15]   P RELANCE partenaire #5 5 — AGENCE WEB PERFORMANCE (Eroan BOYER) -> marylise@agencewebperformance.fr (via info)
[2026-08-25 00:09:15] === RUN LOCAL termine ===
[2026-08-25 02:09:02] === RUN LOCAL: campagne ===
[2026-08-25 02:09:13]   C Relance relance1 #66 69 — MPE - Mecanique de Precision de l'E -> contact@mpe-prod.com (via hello)
[2026-08-25 02:09:13]   C Restants : 157
[2026-08-25 02:09:13] === RUN LOCAL: partenaires ===
[2026-08-25 02:09:15]   P RELANCE partenaire #6 6 — BOOKAN / AGENCE B:COM -> chreimen@groupebookan.com (via direction)
[2026-08-25 02:09:15] === RUN LOCAL termine ===
[2026-08-25 16:09:02] === RUN LOCAL: campagne ===
[2026-08-25 16:09:13]   C Relance relance2 #5 5 — Georget Precision (Vivonne, 86) -> contact@georget.fr (via info)
[2026-08-25 16:09:13]   C Restants : 157
[2026-08-25 16:09:13] === RUN LOCAL: partenaires ===
[2026-08-25 16:09:14]   P File partenaires vide : toutes envoyees.
[2026-08-25 16:09:14] === RUN LOCAL termine ===
[2026-08-25 18:09:03] === RUN LOCAL: campagne ===
[2026-08-25 18:09:14]   C Relance relance2 #6 6 — Brugière (EURL outillage, Peschadoir -> direction@brugiere-outillage.com (via direction)
[2026-08-25 18:09:14]   C Restants : 157
[2026-08-25 18:09:14] === RUN LOCAL: partenaires ===
[2026-08-25 18:09:15]   P File partenaires vide : toutes envoyees.
[2026-08-25 18:09:15] === RUN LOCAL termine ===
[2026-08-25 20:09:02] === RUN LOCAL: campagne ===
[2026-08-25 20:09:14]   C Relance relance2 #7 7 — ATP Applications Techniques des Plas -> atp@plastiques-atp.fr (via contact)
[2026-08-25 20:09:14]   C Restants : 157
[2026-08-25 20:09:14] === RUN LOCAL: partenaires ===
[2026-08-25 20:09:14]   P File partenaires vide : toutes envoyees.
[2026-08-25 20:09:14] === RUN LOCAL termine ===
[2026-08-25 22:09:02] === RUN LOCAL: campagne ===
[2026-08-25 22:09:16]   C Relance relance2 #8 8 — JSM Perrin (Châlette-sur-Loing, 45) -> jsm.perrin@jsmperrin.fr (via commercial)
[2026-08-25 22:09:16]   C Restants : 157
[2026-08-25 22:09:16] === RUN LOCAL: partenaires ===
[2026-08-25 22:09:16]   P File partenaires vide : toutes envoyees.
[2026-08-25 22:09:16] === RUN LOCAL termine ===
[2026-08-26 00:09:02] === RUN LOCAL: campagne ===
[2026-08-26 00:09:44]   C Relance relance2 #9 9 — Usimeca Prod (Sorbiers, 42) -> smasson@usimeca.fr (via commercial)
[2026-08-26 00:09:44]   C Restants : 157
[2026-08-26 00:09:44] === RUN LOCAL: partenaires ===
[2026-08-26 00:09:48]   P RELANCE partenaire #10 10 — PULSATION STUDIO WEB -> contact@pulsation.eco (via contact)
[2026-08-26 00:09:48] === RUN LOCAL termine ===
[2026-08-26 02:09:02] === RUN LOCAL: campagne ===
[2026-08-26 02:09:15]   C Relance relance2 #10 10 — Remiplast (Saint-Aubin-lès-Elbeuf,  -> marc.regent@remiplast.com (via hello)
[2026-08-26 02:09:15]   C Restants : 157
[2026-08-26 02:09:15] === RUN LOCAL: partenaires ===
[2026-08-26 02:09:18]   P RELANCE partenaire #7 7 — WEB STUDIOS -> contact@web-studios.fr (via direction)
[2026-08-26 02:09:18] === RUN LOCAL termine ===
[2026-08-26 04:09:02] === RUN LOCAL: campagne ===
[2026-08-26 04:09:14]   C Relance relance2 #12 12 — BG Plastic (Rhône, 69) -> contact@bgplastic.com (via info)
[2026-08-26 04:09:14]   C Restants : 157
[2026-08-26 04:09:14] === RUN LOCAL: partenaires ===
[2026-08-26 04:09:16]   P RELANCE partenaire #8 8 — VIBIZ -> vbouvard@vibiz.fr (via commercial)
[2026-08-26 04:09:16] === RUN LOCAL termine ===
[2026-08-26 16:39:46] === RUN LOCAL: campagne ===
[2026-08-26 16:39:47]   C ERREUR (code 1): ERREUR campagne_zoho: <urlopen error [Errno 11001] getaddrinfo failed>

[2026-08-26 16:39:47] === RUN LOCAL: partenaires ===
[2026-08-26 16:39:48]   P ERREUR (code 1):  in _call_chain
    result = func(*args)
  File "C:\Program Files\WindowsApps\PythonSoftwareFoundation.Python.3.10_3.10.3056.0_x64__qbz5n2kfra8p0\lib\urllib\request.py", line 1391, in https_open
    return self.do_open(http.client.HTTPSConnection, req,
  File "C:\Program Files\WindowsApps\PythonSoftwareFoundation.Python.3.10_3.10.3056.0_x64__qbz5n2kfra8p0\lib\urllib\request.py", line 1351, in do_open
    raise URLError(err)
urllib.error.URLError: <urlopen error [Errno 11001] getaddrinfo failed>

[2026-08-26 16:39:48] === RUN LOCAL termine ===
[2026-08-26 20:09:01] === RUN LOCAL: campagne ===
[2026-08-26 20:09:02]   C SEND_LOCK stale (209 min) : reprise.
[2026-08-26 20:09:02]   C ERREUR (code 1): ERREUR campagne_zoho: <urlopen error [Errno 11001] getaddrinfo failed>

[2026-08-26 20:09:02] === RUN LOCAL: partenaires ===
[2026-08-26 20:09:02]   P ERREUR (code 1):  in _call_chain
    result = func(*args)
  File "C:\Program Files\WindowsApps\PythonSoftwareFoundation.Python.3.10_3.10.3056.0_x64__qbz5n2kfra8p0\lib\urllib\request.py", line 1391, in https_open
    return self.do_open(http.client.HTTPSConnection, req,
  File "C:\Program Files\WindowsApps\PythonSoftwareFoundation.Python.3.10_3.10.3056.0_x64__qbz5n2kfra8p0\lib\urllib\request.py", line 1351, in do_open
    raise URLError(err)
urllib.error.URLError: <urlopen error [Errno 11001] getaddrinfo failed>

[2026-08-26 20:09:02] === RUN LOCAL termine ===
[2026-08-26 22:09:02] === RUN LOCAL: campagne ===
[2026-08-26 22:09:02]   C ENVOI BLOQUE : un autre processus tourne (SEND_LOCK frais, 120 min).
[2026-08-26 22:09:02] === RUN LOCAL: partenaires ===
[2026-08-26 22:09:06]   P RELANCE partenaire #9 9 — MA PETITE COM -> contact@mapetitecom.fr (via hello)
[2026-08-26 22:09:06] === RUN LOCAL termine ===
[2026-08-27 00:09:02] === RUN LOCAL: campagne ===
[2026-08-27 00:09:13]   C SEND_LOCK stale (240 min) : reprise.
[2026-08-27 00:09:13]   C Relance relance2 #13 13 — Desjardins SA (76) -> contact@desjardins-sa.com (via commercial)
[2026-08-27 00:09:13]   C Restants : 157
[2026-08-27 00:09:13] === RUN LOCAL: partenaires ===
[2026-08-27 00:09:15]   P RELANCE partenaire #1 1 — JK2 AGENCE WEB -> contact@jk2agenceweb.fr (via info)
[2026-08-27 00:09:15] === RUN LOCAL termine ===
[2026-08-27 00:11:03] === RUN LOCAL: campagne ===
[2026-08-27 00:11:17]   C Relance relance2 #14 14 — Groupe RGF (Smart Plastic) -> info@rgf-plastique.com (via hello)
[2026-08-27 00:11:17]   C Restants : 157
[2026-08-27 00:11:17] === RUN LOCAL: partenaires ===
[2026-08-27 00:11:19]   P RELANCE partenaire #11 11 — ACM COMMUNICATION -> contact@acm-communication.fr (via commercial)
[2026-08-27 00:11:19] === RUN LOCAL termine ===
[2026-08-27 00:11:41] === RUN LOCAL: campagne ===
[2026-08-27 00:11:51]   C Relance relance2 #15 16 — R2C (moules et injection, AURA) -> s.chossiere@r2c-aura.fr (via info)
[2026-08-27 00:11:51]   C Restants : 157
[2026-08-27 00:11:51] === RUN LOCAL: partenaires ===
[2026-08-27 00:11:53]   P RELANCE partenaire #12 12 — COCLIKO -> contact@cocliko.fr (via contact)
[2026-08-27 00:11:53] === RUN LOCAL termine ===
[2026-08-27 02:09:02] === RUN LOCAL: campagne ===
[2026-08-27 02:09:02] === RUN LOCAL: partenaires ===
[2026-08-27 02:09:02]   P ERREUR (code 1): Traceback (most recent call last):
  File "C:\Users\ulamb\Bureau\prospection\github-campagne\partenaire_zoho.py", line 110, in <module>
    sys.exit(main())
  File "C:\Users\ulamb\Bureau\prospection\github-campagne\partenaire_zoho.py", line 42, in main
    boites = cz.load_boites()
AttributeError: module 'campagne_zoho' has no attribute 'load_boites'. Did you mean: 'load_bloquees'?

[2026-08-27 02:09:02] === RUN LOCAL termine ===
[2026-08-27 04:09:01] === RUN LOCAL: campagne ===
[2026-08-27 04:09:14]   C ERREUR (code 1): ERREUR campagne_zoho: 'dict' object has no attribute 'read'

[2026-08-27 04:09:14] === RUN LOCAL: partenaires ===
[2026-08-27 04:09:16]   P RELANCE partenaire #13 13 — JE COMMUNIQUE -> lydianelambert@je-communique.fr (via hello)
[2026-08-27 04:09:16] === RUN LOCAL termine ===
[2026-08-27 15:40:01] === RUN LOCAL: campagne ===
[2026-08-27 15:40:11]   C SEND_LOCK stale (691 min) : reprise.
[2026-08-27 15:40:11]   C DOUBLON evite (deja envoye aujourd'hui, toutes boites) : commandes@provence-outillage.com
[2026-08-27 15:40:11]   C DOUBLON evite (deja envoye aujourd'hui, toutes boites) : contact@alencon-plastic.com
[2026-08-27 15:40:11]   C Restants : 153
[2026-08-27 15:40:11] === RUN LOCAL: partenaires ===
[2026-08-27 15:40:14]   P RELANCE partenaire #14 14 — AGENCE INDIGO -> contact@agence-indigo.com (via info)
[2026-08-27 15:40:14] === RUN LOCAL termine ===
[2026-08-27 16:09:02] === RUN LOCAL: campagne ===
[2026-08-27 16:12:20]   C ERREUR (code 1): ERREUR campagne_zoho: 'dict' object has no attribute 'read'

[2026-08-27 16:12:20] === RUN LOCAL: partenaires ===
[2026-08-27 16:12:22]   P RELANCE partenaire #15 15 — EDRYM Expertise-Comptable et Consei -> contact@edrym.com (via direction)
[2026-08-27 16:12:22] === RUN LOCAL termine ===
[2026-08-27 16:23:00] === RUN LOCAL: campagne ===
[2026-08-27 16:23:00]   C ENVOI BLOQUE : un autre processus tourne (SEND_LOCK frais, 14 min).
[2026-08-27 16:23:00] === RUN LOCAL: partenaires ===
[2026-08-27 16:23:03]   P RELANCE partenaire #16 16 — ADP Expertise Comptable -> accueil@adp-expertise.fr (via contact)
[2026-08-27 16:23:03] === RUN LOCAL termine ===
[2026-08-27 16:26:53] === RUN LOCAL: campagne ===
[2026-08-27 16:26:53]   C ENVOI BLOQUE : un autre processus tourne (SEND_LOCK frais, 18 min).
[2026-08-27 16:26:53] === RUN LOCAL: partenaires ===
[2026-08-27 16:26:56]   P RELANCE partenaire #17 17 — PMC Expertise Comptable -> hello@pmc-expertisecomptable.fr (via commercial)
[2026-08-27 16:26:56] === RUN LOCAL termine ===
[2026-08-27 16:27:27] === RUN LOCAL: campagne ===
[2026-08-27 16:27:27]   C ERREUR (code 1): ERREUR campagne_zoho: Expecting property name enclosed in double quotes: line 145 column 1 (char 3546)

[2026-08-27 16:27:27] === RUN LOCAL: partenaires ===
[2026-08-27 16:27:28]   P ERREUR (code 1):   File "C:\Program Files\WindowsApps\PythonSoftwareFoundation.Python.3.10_3.10.3056.0_x64__qbz5n2kfra8p0\lib\json\decoder.py", line 337, in decode
    obj, end = self.raw_decode(s, idx=_w(s, 0).end())
  File "C:\Program Files\WindowsApps\PythonSoftwareFoundation.Python.3.10_3.10.3056.0_x64__qbz5n2kfra8p0\lib\json\decoder.py", line 353, in raw_decode
    obj, end = self.scan_once(s, idx)
json.decoder.JSONDecodeError: Expecting property name enclosed in double quotes: line 65 column 1 (char 1010)

[2026-08-27 16:27:28] === RUN LOCAL termine ===
[2026-08-27 16:27:28] === RUN LOCAL: campagne ===
[2026-08-27 16:27:28]   C ENVOI BLOQUE : un autre processus tourne (SEND_LOCK frais, 0 min).
[2026-08-27 16:27:28] === RUN LOCAL: partenaires ===
[2026-08-27 16:27:28]   P ERREUR (code 1):   File "C:\Program Files\WindowsApps\PythonSoftwareFoundation.Python.3.10_3.10.3056.0_x64__qbz5n2kfra8p0\lib\json\decoder.py", line 337, in decode
    obj, end = self.raw_decode(s, idx=_w(s, 0).end())
  File "C:\Program Files\WindowsApps\PythonSoftwareFoundation.Python.3.10_3.10.3056.0_x64__qbz5n2kfra8p0\lib\json\decoder.py", line 353, in raw_decode
    obj, end = self.scan_once(s, idx)
json.decoder.JSONDecodeError: Expecting property name enclosed in double quotes: line 65 column 1 (char 1010)

[2026-08-27 16:27:28] === RUN LOCAL termine ===
[2026-08-27 16:27:28] === RUN LOCAL: campagne ===
[2026-08-27 16:27:28]   C ENVOI BLOQUE : un autre processus tourne (SEND_LOCK frais, 0 min).
[2026-08-27 16:27:28] === RUN LOCAL: partenaires ===
[2026-08-27 16:27:28]   P ERREUR (code 1):   File "C:\Program Files\WindowsApps\PythonSoftwareFoundation.Python.3.10_3.10.3056.0_x64__qbz5n2kfra8p0\lib\json\decoder.py", line 337, in decode
    obj, end = self.raw_decode(s, idx=_w(s, 0).end())
  File "C:\Program Files\WindowsApps\PythonSoftwareFoundation.Python.3.10_3.10.3056.0_x64__qbz5n2kfra8p0\lib\json\decoder.py", line 353, in raw_decode
    obj, end = self.scan_once(s, idx)
json.decoder.JSONDecodeError: Expecting property name enclosed in double quotes: line 65 column 1 (char 1010)

[2026-08-27 16:27:28] === RUN LOCAL termine ===
[2026-08-27 18:09:02] === RUN LOCAL: campagne ===
[2026-08-27 18:12:18]   C ERREUR (code 1): ERREUR campagne_zoho: 'dict' object has no attribute 'read'

[2026-08-27 18:12:18] === RUN LOCAL: partenaires ===
[2026-08-27 18:12:18]   P ERREUR (code 1):   File "C:\Program Files\WindowsApps\PythonSoftwareFoundation.Python.3.10_3.10.3056.0_x64__qbz5n2kfra8p0\lib\json\decoder.py", line 337, in decode
    obj, end = self.raw_decode(s, idx=_w(s, 0).end())
  File "C:\Program Files\WindowsApps\PythonSoftwareFoundation.Python.3.10_3.10.3056.0_x64__qbz5n2kfra8p0\lib\json\decoder.py", line 353, in raw_decode
    obj, end = self.scan_once(s, idx)
json.decoder.JSONDecodeError: Expecting property name enclosed in double quotes: line 65 column 1 (char 1010)

[2026-08-27 18:12:18] === RUN LOCAL termine ===
[2026-08-27 20:09:02] === RUN LOCAL: campagne ===
[2026-08-27 20:09:02]   C ENVOI BLOQUE : un autre processus tourne (SEND_LOCK frais, 120 min).
[2026-08-27 20:09:02] === RUN LOCAL: partenaires ===
[2026-08-27 20:09:02]   P ERREUR (code 1):   File "C:\Program Files\WindowsApps\PythonSoftwareFoundation.Python.3.10_3.10.3056.0_x64__qbz5n2kfra8p0\lib\json\decoder.py", line 337, in decode
    obj, end = self.raw_decode(s, idx=_w(s, 0).end())
  File "C:\Program Files\WindowsApps\PythonSoftwareFoundation.Python.3.10_3.10.3056.0_x64__qbz5n2kfra8p0\lib\json\decoder.py", line 353, in raw_decode
    obj, end = self.scan_once(s, idx)
json.decoder.JSONDecodeError: Expecting property name enclosed in double quotes: line 65 column 1 (char 1010)

[2026-08-27 20:09:02] === RUN LOCAL termine ===
